Dec 16 10:48:45 ip-172-31-14-43 kernel: Command line: BOOT_IMAGE=(hd0,gpt1)/boot/vmlinuz-6.1.61-85.141.amzn2023.x86_64 root=UUID=66eb3733-37f3-4398-9990-e97c15b01e5b ro console=tty0 console=ttyS0,115200n8 nvme_core.io_timeout=4294967295 rd.emergency=poweroff rd.shell=0 selinux=1 security=selinux quiet
Dec 16 10:48:45 ip-172-31-14-43 kernel: KASLR disabled
Dec 16 10:48:45 ip-172-31-14-43 kernel: BIOS-provided physical RAM map:
Dec 16 10:48:45 ip-172-31-14-43 kernel: BIOS-e820: [mem 0x0000000000000000-0x000000000009dfff] usable
Dec 16 10:48:45 ip-172-31-14-43 kernel: BIOS-e820: [mem 0x000000000009e000-0x000000000009ffff] reserved
Dec 16 10:48:45 ip-172-31-14-43 kernel: BIOS-e820: [mem 0x00000000000e0000-0x00000000000fffff] reserved
Dec 16 10:48:45 ip-172-31-14-43 kernel: BIOS-e820: [mem 0x0000000000100000-0x000000007fffffff] usable
Dec 16 10:48:45 ip-172-31-14-43 kernel: BIOS-e820: [mem 0x00000000fc000000-0x00000000ffffffff] reserved
Dec 16 10:48:45 ip-172-31-14-43 kernel: NX (Execute Disable) protection: active
Dec 16 10:48:45 ip-172-31-14-43 kernel: SMBIOS 2.7 present.
Dec 16 10:48:45 ip-172-31-14-43 kernel: DMI: Xen HVM domU, BIOS 4.2.amazon 08/24/2006
Dec 16 10:48:45 ip-172-31-14-43 kernel: Hypervisor detected: Xen HVM
Dec 16 10:48:45 ip-172-31-14-43 kernel: Xen version 4.2.
Dec 16 10:48:45 ip-172-31-14-43 kernel: platform_pci_unplug: Netfront and the Xen platform PCI driver have been compiled for this kernel: unplug emulated NICs.
Dec 16 10:48:45 ip-172-31-14-43 kernel: platform_pci_unplug: Blkfront and the Xen platform PCI driver have been compiled for this kernel: unplug emulated disks.#012You might have to change the root device#012from /dev/hd[a-d] to /dev/xvd[a-d]#012in your root= kernel command line option
Dec 16 10:48:45 ip-172-31-14-43 kernel: tsc: Fast TSC calibration using PIT
Dec 16 10:48:45 ip-172-31-14-43 kernel: tsc: Detected 2299.796 MHz processor
Dec 16 10:48:45 ip-172-31-14-43 kernel: tsc: Detected 2300.030 MHz TSC
Dec 16 10:48:45 ip-172-31-14-43 kernel: last_pfn = 0x80000 max_arch_pfn = 0x400000000
Dec 16 10:48:45 ip-172-31-14-43 kernel: x86/PAT: Configuration [0-7]: WB  WC  UC- UC  WB  WP  UC- WT  
Dec 16 10:48:45 ip-172-31-14-43 kernel: found SMP MP-table at [mem 0x000fbc50-0x000fbc5f]
Dec 16 10:48:45 ip-172-31-14-43 kernel: RAMDISK: [mem 0x3668f000-0x3733efff]
Dec 16 10:48:45 ip-172-31-14-43 kernel: ACPI: Early table checksum verification disabled
Dec 16 10:48:45 ip-172-31-14-43 kernel: ACPI: RSDP 0x00000000000EA020 000024 (v02 Xen   )
Dec 16 10:48:45 ip-172-31-14-43 kernel: ACPI: XSDT 0x00000000FC00E2A0 000054 (v01 Xen    HVM      00000000 HVML 00000000)
Dec 16 10:48:45 ip-172-31-14-43 kernel: ACPI: FACP 0x00000000FC00DF60 0000F4 (v04 Xen    HVM      00000000 HVML 00000000)
Dec 16 10:48:45 ip-172-31-14-43 kernel: ACPI: DSDT 0x00000000FC0021C0 00BD19 (v02 Xen    HVM      00000000 INTL 20090123)
Dec 16 10:48:45 ip-172-31-14-43 kernel: ACPI: FACS 0x00000000FC002180 000040
Dec 16 10:48:45 ip-172-31-14-43 kernel: ACPI: FACS 0x00000000FC002180 000040
Dec 16 10:48:45 ip-172-31-14-43 kernel: ACPI: APIC 0x00000000FC00E060 0000D8 (v02 Xen    HVM      00000000 HVML 00000000)
Dec 16 10:48:45 ip-172-31-14-43 kernel: ACPI: HPET 0x00000000FC00E1B0 000038 (v01 Xen    HVM      00000000 HVML 00000000)
Dec 16 10:48:45 ip-172-31-14-43 kernel: ACPI: WAET 0x00000000FC00E1F0 000028 (v01 Xen    HVM      00000000 HVML 00000000)
Dec 16 10:48:45 ip-172-31-14-43 kernel: ACPI: SSDT 0x00000000FC00E220 000031 (v02 Xen    HVM      00000000 INTL 20090123)
Dec 16 10:48:45 ip-172-31-14-43 kernel: ACPI: SSDT 0x00000000FC00E260 000033 (v02 Xen    HVM      00000000 INTL 20090123)
Dec 16 10:48:45 ip-172-31-14-43 kernel: ACPI: Reserving FACP table memory at [mem 0xfc00df60-0xfc00e053]
Dec 16 10:48:45 ip-172-31-14-43 kernel: ACPI: Reserving DSDT table memory at [mem 0xfc0021c0-0xfc00ded8]
Dec 16 10:48:45 ip-172-31-14-43 kernel: ACPI: Reserving FACS table memory at [mem 0xfc002180-0xfc0021bf]
Dec 16 10:48:45 ip-172-31-14-43 kernel: ACPI: Reserving FACS table memory at [mem 0xfc002180-0xfc0021bf]
Dec 16 10:48:45 ip-172-31-14-43 kernel: ACPI: Reserving APIC table memory at [mem 0xfc00e060-0xfc00e137]
Dec 16 10:48:45 ip-172-31-14-43 kernel: ACPI: Reserving HPET table memory at [mem 0xfc00e1b0-0xfc00e1e7]
Dec 16 10:48:45 ip-172-31-14-43 kernel: ACPI: Reserving WAET table memory at [mem 0xfc00e1f0-0xfc00e217]
Dec 16 10:48:45 ip-172-31-14-43 kernel: ACPI: Reserving SSDT table memory at [mem 0xfc00e220-0xfc00e250]
Dec 16 10:48:45 ip-172-31-14-43 kernel: ACPI: Reserving SSDT table memory at [mem 0xfc00e260-0xfc00e292]
Dec 16 10:48:45 ip-172-31-14-43 kernel: No NUMA configuration found
Dec 16 10:48:45 ip-172-31-14-43 kernel: Faking a node at [mem 0x0000000000000000-0x000000007fffffff]
Dec 16 10:48:45 ip-172-31-14-43 kernel: NODE_DATA(0) allocated [mem 0x7ffd5000-0x7fffffff]
Dec 16 10:48:45 ip-172-31-14-43 kernel: Zone ranges:
Dec 16 10:48:45 ip-172-31-14-43 kernel:  DMA      [mem 0x0000000000001000-0x0000000000ffffff]
Dec 16 10:48:45 ip-172-31-14-43 kernel:  DMA32    [mem 0x0000000001000000-0x000000007fffffff]
Dec 16 10:48:45 ip-172-31-14-43 kernel:  Normal   empty
Dec 16 10:48:45 ip-172-31-14-43 kernel:  Device   empty
Dec 16 10:48:45 ip-172-31-14-43 kernel: Movable zone start for each node
Dec 16 10:48:45 ip-172-31-14-43 kernel: Early memory node ranges
Dec 16 10:48:45 ip-172-31-14-43 kernel:  node   0: [mem 0x0000000000001000-0x000000000009dfff]
Dec 16 10:48:45 ip-172-31-14-43 kernel:  node   0: [mem 0x0000000000100000-0x000000007fffffff]
Dec 16 10:48:45 ip-172-31-14-43 kernel: Initmem setup node 0 [mem 0x0000000000001000-0x000000007fffffff]
Dec 16 10:48:45 ip-172-31-14-43 kernel: On node 0, zone DMA: 1 pages in unavailable ranges
Dec 16 10:48:45 ip-172-31-14-43 kernel: On node 0, zone DMA: 98 pages in unavailable ranges
Dec 16 10:48:45 ip-172-31-14-43 kernel: ACPI: PM-Timer IO Port: 0xb008
Dec 16 10:48:45 ip-172-31-14-43 kernel: IOAPIC[0]: apic_id 1, version 17, address 0xfec00000, GSI 0-47
Dec 16 10:48:45 ip-172-31-14-43 kernel: ACPI: INT_SRC_OVR (bus 0 bus_irq 0 global_irq 2 dfl dfl)
Dec 16 10:48:45 ip-172-31-14-43 kernel: ACPI: INT_SRC_OVR (bus 0 bus_irq 5 global_irq 5 low level)
Dec 16 10:48:45 ip-172-31-14-43 kernel: ACPI: INT_SRC_OVR (bus 0 bus_irq 10 global_irq 10 low level)
Dec 16 10:48:45 ip-172-31-14-43 kernel: ACPI: INT_SRC_OVR (bus 0 bus_irq 11 global_irq 11 low level)
Dec 16 10:48:45 ip-172-31-14-43 kernel: ACPI: Using ACPI (MADT) for SMP configuration information
Dec 16 10:48:45 ip-172-31-14-43 kernel: ACPI: HPET id: 0x8086a201 base: 0xfed00000
Dec 16 10:48:45 ip-172-31-14-43 kernel: TSC deadline timer available
Dec 16 10:48:45 ip-172-31-14-43 kernel: smpboot: Allowing 15 CPUs, 14 hotplug CPUs
Dec 16 10:48:45 ip-172-31-14-43 kernel: PM: hibernation: Registered nosave memory: [mem 0x00000000-0x00000fff]
Dec 16 10:48:45 ip-172-31-14-43 kernel: PM: hibernation: Registered nosave memory: [mem 0x0009e000-0x0009ffff]
Dec 16 10:48:45 ip-172-31-14-43 kernel: PM: hibernation: Registered nosave memory: [mem 0x000a0000-0x000dffff]
Dec 16 10:48:45 ip-172-31-14-43 kernel: PM: hibernation: Registered nosave memory: [mem 0x000e0000-0x000fffff]
Dec 16 10:48:45 ip-172-31-14-43 kernel: [mem 0x80000000-0xfbffffff] available for PCI devices
Dec 16 10:48:45 ip-172-31-14-43 kernel: Booting paravirtualized kernel on Xen HVM
Dec 16 10:48:45 ip-172-31-14-43 kernel: clocksource: refined-jiffies: mask: 0xffffffff max_cycles: 0xffffffff, max_idle_ns: 19112604462750000 ns
Dec 16 10:48:45 ip-172-31-14-43 kernel: setup_percpu: NR_CPUS:512 nr_cpumask_bits:15 nr_cpu_ids:15 nr_node_ids:1
Dec 16 10:48:45 ip-172-31-14-43 kernel: percpu: Embedded 60 pages/cpu s208896 r8192 d28672 u262144
Dec 16 10:48:45 ip-172-31-14-43 kernel: PV qspinlock hash table entries: 256 (order: 0, 4096 bytes, linear)
Dec 16 10:48:45 ip-172-31-14-43 kernel: Fallback order for Node 0: 0 
Dec 16 10:48:45 ip-172-31-14-43 kernel: Built 1 zonelists, mobility grouping on.  Total pages: 515840
Dec 16 10:48:45 ip-172-31-14-43 kernel: Policy zone: DMA32
Dec 16 10:48:45 ip-172-31-14-43 kernel: Kernel command line: BOOT_IMAGE=(hd0,gpt1)/boot/vmlinuz-6.1.61-85.141.amzn2023.x86_64 root=UUID=66eb3733-37f3-4398-9990-e97c15b01e5b ro console=tty0 console=ttyS0,115200n8 nvme_core.io_timeout=4294967295 rd.emergency=poweroff rd.shell=0 selinux=1 security=selinux quiet
Dec 16 10:48:45 ip-172-31-14-43 kernel: Unknown kernel command line parameters "BOOT_IMAGE=(hd0,gpt1)/boot/vmlinuz-6.1.61-85.141.amzn2023.x86_64", will be passed to user space.
Dec 16 10:48:45 ip-172-31-14-43 kernel: random: crng init done
Dec 16 10:48:45 ip-172-31-14-43 kernel: Dentry cache hash table entries: 262144 (order: 9, 2097152 bytes, linear)
Dec 16 10:48:45 ip-172-31-14-43 kernel: Inode-cache hash table entries: 131072 (order: 8, 1048576 bytes, linear)
Dec 16 10:48:45 ip-172-31-14-43 kernel: mem auto-init: stack:off, heap alloc:off, heap free:off
Dec 16 10:48:45 ip-172-31-14-43 kernel: Memory: 199372K/2096756K available (14346K kernel code, 8890K rwdata, 8568K rodata, 2228K init, 19408K bss, 114780K reserved, 0K cma-reserved)
Dec 16 10:48:45 ip-172-31-14-43 kernel: SLUB: HWalign=64, Order=0-3, MinObjects=0, CPUs=15, Nodes=1
Dec 16 10:48:45 ip-172-31-14-43 kernel: Kernel/User page tables isolation: enabled
Dec 16 10:48:45 ip-172-31-14-43 kernel: ftrace: allocating 40962 entries in 161 pages
Dec 16 10:48:45 ip-172-31-14-43 kernel: ftrace: allocated 161 pages with 3 groups
Dec 16 10:48:45 ip-172-31-14-43 kernel: Dynamic Preempt: none
Dec 16 10:48:45 ip-172-31-14-43 kernel: rcu: Preemptible hierarchical RCU implementation.
Dec 16 10:48:45 ip-172-31-14-43 kernel: rcu: #011RCU restricting CPUs from NR_CPUS=512 to nr_cpu_ids=15.
Dec 16 10:48:45 ip-172-31-14-43 kernel: #011Trampoline variant of Tasks RCU enabled.
Dec 16 10:48:45 ip-172-31-14-43 kernel: #011Rude variant of Tasks RCU enabled.
Dec 16 10:48:45 ip-172-31-14-43 kernel: #011Tracing variant of Tasks RCU enabled.
Dec 16 10:48:45 ip-172-31-14-43 kernel: rcu: RCU calculated value of scheduler-enlistment delay is 10 jiffies.
Dec 16 10:48:45 ip-172-31-14-43 kernel: rcu: Adjusting geometry for rcu_fanout_leaf=16, nr_cpu_ids=15
Dec 16 10:48:45 ip-172-31-14-43 kernel: NR_IRQS: 33024, nr_irqs: 952, preallocated irqs: 16
Dec 16 10:48:45 ip-172-31-14-43 kernel: xen:events: Using 2-level ABI
Dec 16 10:48:45 ip-172-31-14-43 kernel: xen:events: Xen HVM callback vector for event delivery is enabled
Dec 16 10:48:45 ip-172-31-14-43 kernel: rcu: srcu_init: Setting srcu_struct sizes based on contention.
Dec 16 10:48:45 ip-172-31-14-43 kernel: Console: colour VGA+ 80x25
Dec 16 10:48:45 ip-172-31-14-43 kernel: printk: console [tty0] enabled
Dec 16 10:48:45 ip-172-31-14-43 kernel: Cannot get hvm parameter CONSOLE_EVTCHN (18): -22!
Dec 16 10:48:45 ip-172-31-14-43 kernel: printk: console [ttyS0] enabled
Dec 16 10:48:45 ip-172-31-14-43 kernel: ACPI: Core revision 20220331
Dec 16 10:48:45 ip-172-31-14-43 kernel: clocksource: hpet: mask: 0xffffffff max_cycles: 0xffffffff, max_idle_ns: 30580167144 ns
Dec 16 10:48:45 ip-172-31-14-43 kernel: APIC: Switch to symmetric I/O mode setup
Dec 16 10:48:45 ip-172-31-14-43 kernel: x2apic: IRQ remapping doesn't support X2APIC mode
Dec 16 10:48:45 ip-172-31-14-43 kernel: Switched APIC routing to physical flat.
Dec 16 10:48:45 ip-172-31-14-43 kernel: ..TIMER: vector=0x30 apic1=0 pin1=2 apic2=0 pin2=0
Dec 16 10:48:45 ip-172-31-14-43 kernel: clocksource: tsc-early: mask: 0xffffffffffffffff max_cycles: 0x2127514f604, max_idle_ns: 440795222924 ns
Dec 16 10:48:45 ip-172-31-14-43 kernel: Calibrating delay loop (skipped), value calculated using timer frequency.. 4600.06 BogoMIPS (lpj=23000300)
Dec 16 10:48:45 ip-172-31-14-43 kernel: Last level iTLB entries: 4KB 64, 2MB 8, 4MB 8
Dec 16 10:48:45 ip-172-31-14-43 kernel: Last level dTLB entries: 4KB 64, 2MB 0, 4MB 0, 1GB 4
Dec 16 10:48:45 ip-172-31-14-43 kernel: Spectre V1 : Mitigation: usercopy/swapgs barriers and __user pointer sanitization
Dec 16 10:48:45 ip-172-31-14-43 kernel: Spectre V2 : Mitigation: Retpolines
Dec 16 10:48:45 ip-172-31-14-43 kernel: Spectre V2 : Spectre v2 / SpectreRSB mitigation: Filling RSB on context switch
Dec 16 10:48:45 ip-172-31-14-43 kernel: Spectre V2 : Spectre v2 / SpectreRSB : Filling RSB on VMEXIT
Dec 16 10:48:45 ip-172-31-14-43 kernel: Speculative Store Bypass: Vulnerable
Dec 16 10:48:45 ip-172-31-14-43 kernel: MDS: Vulnerable: Clear CPU buffers attempted, no microcode
Dec 16 10:48:45 ip-172-31-14-43 kernel: MMIO Stale Data: Vulnerable: Clear CPU buffers attempted, no microcode
Dec 16 10:48:45 ip-172-31-14-43 kernel: x86/fpu: Supporting XSAVE feature 0x001: 'x87 floating point registers'
Dec 16 10:48:45 ip-172-31-14-43 kernel: x86/fpu: Supporting XSAVE feature 0x002: 'SSE registers'
Dec 16 10:48:45 ip-172-31-14-43 kernel: x86/fpu: Supporting XSAVE feature 0x004: 'AVX registers'
Dec 16 10:48:45 ip-172-31-14-43 kernel: x86/fpu: xstate_offset[2]:  576, xstate_sizes[2]:  256
Dec 16 10:48:45 ip-172-31-14-43 kernel: x86/fpu: Enabled xstate features 0x7, context size is 832 bytes, using 'standard' format.
Dec 16 10:48:45 ip-172-31-14-43 kernel: pid_max: default: 32768 minimum: 301
Dec 16 10:48:45 ip-172-31-14-43 kernel: LSM: Security Framework initializing
Dec 16 10:48:45 ip-172-31-14-43 kernel: Yama: becoming mindful.
Dec 16 10:48:45 ip-172-31-14-43 kernel: SELinux:  Initializing.
Dec 16 10:48:45 ip-172-31-14-43 kernel: LSM support for eBPF active
Dec 16 10:48:45 ip-172-31-14-43 kernel: Mount-cache hash table entries: 4096 (order: 3, 32768 bytes, linear)
Dec 16 10:48:45 ip-172-31-14-43 kernel: Mountpoint-cache hash table entries: 4096 (order: 3, 32768 bytes, linear)
Dec 16 10:48:45 ip-172-31-14-43 kernel: clocksource: xen: mask: 0xffffffffffffffff max_cycles: 0x1cd42e4dffb, max_idle_ns: 881590591483 ns
Dec 16 10:48:45 ip-172-31-14-43 kernel: installing Xen timer for CPU 0
Dec 16 10:48:45 ip-172-31-14-43 kernel: smpboot: CPU0: Intel(R) Xeon(R) CPU E5-2686 v4 @ 2.30GHz (family: 0x6, model: 0x4f, stepping: 0x1)
Dec 16 10:48:45 ip-172-31-14-43 kernel: cpu 0 spinlock event irq 53
Dec 16 10:48:45 ip-172-31-14-43 kernel: cblist_init_generic: Setting adjustable number of callback queues.
Dec 16 10:48:45 ip-172-31-14-43 kernel: cblist_init_generic: Setting shift to 4 and lim to 1.
Dec 16 10:48:45 ip-172-31-14-43 kernel: cblist_init_generic: Setting adjustable number of callback queues.
Dec 16 10:48:45 ip-172-31-14-43 kernel: cblist_init_generic: Setting shift to 4 and lim to 1.
Dec 16 10:48:45 ip-172-31-14-43 kernel: cblist_init_generic: Setting adjustable number of callback queues.
Dec 16 10:48:45 ip-172-31-14-43 kernel: cblist_init_generic: Setting shift to 4 and lim to 1.
Dec 16 10:48:45 ip-172-31-14-43 kernel: Performance Events: unsupported p6 CPU model 79 no PMU driver, software events only.
Dec 16 10:48:45 ip-172-31-14-43 kernel: signal: max sigframe size: 1776
Dec 16 10:48:45 ip-172-31-14-43 kernel: rcu: Hierarchical SRCU implementation.
Dec 16 10:48:45 ip-172-31-14-43 kernel: rcu: #011Max phase no-delay instances is 1000.
Dec 16 10:48:45 ip-172-31-14-43 kernel: smp: Bringing up secondary CPUs ...
Dec 16 10:48:45 ip-172-31-14-43 kernel: smp: Brought up 1 node, 1 CPU
Dec 16 10:48:45 ip-172-31-14-43 kernel: smpboot: Max logical packages: 15
Dec 16 10:48:45 ip-172-31-14-43 kernel: smpboot: Total of 1 processors activated (4600.06 BogoMIPS)
Dec 16 10:48:45 ip-172-31-14-43 kernel: node 0 deferred pages initialised in 10ms
Dec 16 10:48:45 ip-172-31-14-43 kernel: devtmpfs: initialized
Dec 16 10:48:45 ip-172-31-14-43 kernel: x86/mm: Memory block size: 128MB
Dec 16 10:48:45 ip-172-31-14-43 kernel: clocksource: jiffies: mask: 0xffffffff max_cycles: 0xffffffff, max_idle_ns: 19112604462750000 ns
Dec 16 10:48:45 ip-172-31-14-43 kernel: futex hash table entries: 4096 (order: 6, 262144 bytes, linear)
Dec 16 10:48:45 ip-172-31-14-43 kernel: NET: Registered PF_NETLINK/PF_ROUTE protocol family
Dec 16 10:48:45 ip-172-31-14-43 kernel: DMA: preallocated 256 KiB GFP_KERNEL pool for atomic allocations
Dec 16 10:48:45 ip-172-31-14-43 kernel: DMA: preallocated 256 KiB GFP_KERNEL|GFP_DMA pool for atomic allocations
Dec 16 10:48:45 ip-172-31-14-43 kernel: DMA: preallocated 256 KiB GFP_KERNEL|GFP_DMA32 pool for atomic allocations
Dec 16 10:48:45 ip-172-31-14-43 kernel: audit: initializing netlink subsys (disabled)
Dec 16 10:48:45 ip-172-31-14-43 kernel: thermal_sys: Registered thermal governor 'fair_share'
Dec 16 10:48:45 ip-172-31-14-43 kernel: thermal_sys: Registered thermal governor 'step_wise'
Dec 16 10:48:45 ip-172-31-14-43 kernel: thermal_sys: Registered thermal governor 'user_space'
Dec 16 10:48:45 ip-172-31-14-43 kernel: cpuidle: using governor ladder
Dec 16 10:48:45 ip-172-31-14-43 kernel: cpuidle: using governor menu
Dec 16 10:48:45 ip-172-31-14-43 kernel: acpiphp: ACPI Hot Plug PCI Controller Driver version: 0.5
Dec 16 10:48:45 ip-172-31-14-43 kernel: PCI: Using configuration type 1 for base access
Dec 16 10:48:45 ip-172-31-14-43 kernel: kprobes: kprobe jump-optimization is enabled. All kprobes are optimized if possible.
Dec 16 10:48:45 ip-172-31-14-43 kernel: audit: type=2000 audit(1702723724.895:1): state=initialized audit_enabled=0 res=1
Dec 16 10:48:45 ip-172-31-14-43 kernel: HugeTLB: registered 2.00 MiB page size, pre-allocated 0 pages
Dec 16 10:48:45 ip-172-31-14-43 kernel: HugeTLB: 28 KiB vmemmap can be freed for a 2.00 MiB page
Dec 16 10:48:45 ip-172-31-14-43 kernel: ACPI: Added _OSI(Module Device)
Dec 16 10:48:45 ip-172-31-14-43 kernel: ACPI: Added _OSI(Processor Device)
Dec 16 10:48:45 ip-172-31-14-43 kernel: ACPI: Added _OSI(3.0 _SCP Extensions)
Dec 16 10:48:45 ip-172-31-14-43 kernel: ACPI: Added _OSI(Processor Aggregator Device)
Dec 16 10:48:45 ip-172-31-14-43 kernel: ACPI: 3 ACPI AML tables successfully acquired and loaded
Dec 16 10:48:45 ip-172-31-14-43 kernel: ACPI: Interpreter enabled
Dec 16 10:48:45 ip-172-31-14-43 kernel: ACPI: PM: (supports S0 S4 S5)
Dec 16 10:48:45 ip-172-31-14-43 kernel: ACPI: Using IOAPIC for interrupt routing
Dec 16 10:48:45 ip-172-31-14-43 kernel: PCI: Using host bridge windows from ACPI; if necessary, use "pci=nocrs" and report a bug
Dec 16 10:48:45 ip-172-31-14-43 kernel: PCI: Using E820 reservations for host bridge windows
Dec 16 10:48:45 ip-172-31-14-43 kernel: ACPI: Enabled 2 GPEs in block 00 to 0F
Dec 16 10:48:45 ip-172-31-14-43 kernel: ACPI: PCI Root Bridge [PCI0] (domain 0000 [bus 00-ff])
Dec 16 10:48:45 ip-172-31-14-43 kernel: acpi PNP0A03:00: _OSC: OS supports [ASPM ClockPM Segments MSI HPX-Type3]
Dec 16 10:48:45 ip-172-31-14-43 kernel: acpi PNP0A03:00: _OSC: not requesting OS control; OS requires [ExtendedConfig ASPM ClockPM MSI]
Dec 16 10:48:45 ip-172-31-14-43 kernel: acpi PNP0A03:00: fail to add MMCONFIG information, can't access extended PCI configuration space under this bridge.
Dec 16 10:48:45 ip-172-31-14-43 kernel: acpiphp: Slot [0] registered
Dec 16 10:48:45 ip-172-31-14-43 kernel: acpiphp: Slot [3] registered
Dec 16 10:48:45 ip-172-31-14-43 kernel: acpiphp: Slot [4] registered
Dec 16 10:48:45 ip-172-31-14-43 kernel: acpiphp: Slot [5] registered
Dec 16 10:48:45 ip-172-31-14-43 kernel: acpiphp: Slot [6] registered
Dec 16 10:48:45 ip-172-31-14-43 kernel: acpiphp: Slot [7] registered
Dec 16 10:48:45 ip-172-31-14-43 kernel: acpiphp: Slot [8] registered
Dec 16 10:48:45 ip-172-31-14-43 kernel: acpiphp: Slot [9] registered
Dec 16 10:48:45 ip-172-31-14-43 kernel: acpiphp: Slot [10] registered
Dec 16 10:48:45 ip-172-31-14-43 kernel: acpiphp: Slot [11] registered
Dec 16 10:48:45 ip-172-31-14-43 kernel: acpiphp: Slot [12] registered
Dec 16 10:48:45 ip-172-31-14-43 kernel: acpiphp: Slot [13] registered
Dec 16 10:48:45 ip-172-31-14-43 kernel: acpiphp: Slot [14] registered
Dec 16 10:48:45 ip-172-31-14-43 kernel: acpiphp: Slot [15] registered
Dec 16 10:48:45 ip-172-31-14-43 kernel: acpiphp: Slot [16] registered
Dec 16 10:48:45 ip-172-31-14-43 kernel: acpiphp: Slot [17] registered
Dec 16 10:48:45 ip-172-31-14-43 kernel: acpiphp: Slot [18] registered
Dec 16 10:48:45 ip-172-31-14-43 kernel: acpiphp: Slot [19] registered
Dec 16 10:48:45 ip-172-31-14-43 kernel: acpiphp: Slot [20] registered
Dec 16 10:48:45 ip-172-31-14-43 kernel: acpiphp: Slot [21] registered
Dec 16 10:48:45 ip-172-31-14-43 kernel: acpiphp: Slot [22] registered
Dec 16 10:48:45 ip-172-31-14-43 kernel: acpiphp: Slot [23] registered
Dec 16 10:48:45 ip-172-31-14-43 kernel: acpiphp: Slot [24] registered
Dec 16 10:48:45 ip-172-31-14-43 kernel: acpiphp: Slot [25] registered
Dec 16 10:48:45 ip-172-31-14-43 kernel: acpiphp: Slot [26] registered
Dec 16 10:48:45 ip-172-31-14-43 kernel: acpiphp: Slot [27] registered
Dec 16 10:48:45 ip-172-31-14-43 kernel: acpiphp: Slot [28] registered
Dec 16 10:48:45 ip-172-31-14-43 kernel: acpiphp: Slot [29] registered
Dec 16 10:48:45 ip-172-31-14-43 kernel: acpiphp: Slot [30] registered
Dec 16 10:48:45 ip-172-31-14-43 kernel: acpiphp: Slot [31] registered
Dec 16 10:48:45 ip-172-31-14-43 kernel: PCI host bridge to bus 0000:00
Dec 16 10:48:45 ip-172-31-14-43 kernel: pci_bus 0000:00: root bus resource [io  0x0000-0x0cf7 window]
Dec 16 10:48:45 ip-172-31-14-43 kernel: pci_bus 0000:00: root bus resource [io  0x0d00-0xffff window]
Dec 16 10:48:45 ip-172-31-14-43 kernel: pci_bus 0000:00: root bus resource [mem 0x000a0000-0x000bffff window]
Dec 16 10:48:45 ip-172-31-14-43 kernel: pci_bus 0000:00: root bus resource [mem 0xf0000000-0xfbffffff window]
Dec 16 10:48:45 ip-172-31-14-43 kernel: pci_bus 0000:00: root bus resource [bus 00-ff]
Dec 16 10:48:45 ip-172-31-14-43 kernel: pci 0000:00:00.0: [8086:1237] type 00 class 0x060000
Dec 16 10:48:45 ip-172-31-14-43 kernel: pci 0000:00:01.0: [8086:7000] type 00 class 0x060100
Dec 16 10:48:45 ip-172-31-14-43 kernel: pci 0000:00:01.1: [8086:7010] type 00 class 0x010180
Dec 16 10:48:45 ip-172-31-14-43 kernel: pci 0000:00:01.1: reg 0x20: [io  0xc100-0xc10f]
Dec 16 10:48:45 ip-172-31-14-43 kernel: pci 0000:00:01.1: legacy IDE quirk: reg 0x10: [io  0x01f0-0x01f7]
Dec 16 10:48:45 ip-172-31-14-43 kernel: pci 0000:00:01.1: legacy IDE quirk: reg 0x14: [io  0x03f6]
Dec 16 10:48:45 ip-172-31-14-43 kernel: pci 0000:00:01.1: legacy IDE quirk: reg 0x18: [io  0x0170-0x0177]
Dec 16 10:48:45 ip-172-31-14-43 kernel: pci 0000:00:01.1: legacy IDE quirk: reg 0x1c: [io  0x0376]
Dec 16 10:48:45 ip-172-31-14-43 kernel: * Found PM-Timer Bug on the chipset. Due to workarounds for a bug,#012* this clock source is slow. Consider trying other clock sources
Dec 16 10:48:45 ip-172-31-14-43 kernel: pci 0000:00:01.3: [8086:7113] type 00 class 0x068000
Dec 16 10:48:45 ip-172-31-14-43 kernel: pci 0000:00:01.3: quirk: [io  0xb000-0xb03f] claimed by PIIX4 ACPI
Dec 16 10:48:45 ip-172-31-14-43 kernel: pci 0000:00:02.0: [1013:00b8] type 00 class 0x030000
Dec 16 10:48:45 ip-172-31-14-43 kernel: pci 0000:00:02.0: reg 0x10: [mem 0xf0000000-0xf1ffffff pref]
Dec 16 10:48:45 ip-172-31-14-43 kernel: pci 0000:00:02.0: reg 0x14: [mem 0xf3000000-0xf3000fff]
Dec 16 10:48:45 ip-172-31-14-43 kernel: pci 0000:00:02.0: Video device with shadowed ROM at [mem 0x000c0000-0x000dffff]
Dec 16 10:48:45 ip-172-31-14-43 kernel: pci 0000:00:03.0: [5853:0001] type 00 class 0xff8000
Dec 16 10:48:45 ip-172-31-14-43 kernel: pci 0000:00:03.0: reg 0x10: [io  0xc000-0xc0ff]
Dec 16 10:48:45 ip-172-31-14-43 kernel: pci 0000:00:03.0: reg 0x14: [mem 0xf2000000-0xf2ffffff pref]
Dec 16 10:48:45 ip-172-31-14-43 kernel: ACPI: PCI: Interrupt link LNKA configured for IRQ 5
Dec 16 10:48:45 ip-172-31-14-43 kernel: ACPI: PCI: Interrupt link LNKB configured for IRQ 10
Dec 16 10:48:45 ip-172-31-14-43 kernel: ACPI: PCI: Interrupt link LNKC configured for IRQ 11
Dec 16 10:48:45 ip-172-31-14-43 kernel: ACPI: PCI: Interrupt link LNKD configured for IRQ 5
Dec 16 10:48:45 ip-172-31-14-43 kernel: xen:balloon: Initialising balloon driver
Dec 16 10:48:45 ip-172-31-14-43 kernel: iommu: Default domain type: Translated 
Dec 16 10:48:45 ip-172-31-14-43 kernel: iommu: DMA domain TLB invalidation policy: lazy mode 
Dec 16 10:48:45 ip-172-31-14-43 kernel: EDAC MC: Ver: 3.0.0
Dec 16 10:48:45 ip-172-31-14-43 kernel: NetLabel: Initializing
Dec 16 10:48:45 ip-172-31-14-43 kernel: NetLabel:  domain hash size = 128
Dec 16 10:48:45 ip-172-31-14-43 kernel: NetLabel:  protocols = UNLABELED CIPSOv4 CALIPSO
Dec 16 10:48:45 ip-172-31-14-43 kernel: NetLabel:  unlabeled traffic allowed by default
Dec 16 10:48:45 ip-172-31-14-43 kernel: PCI: Using ACPI for IRQ routing
Dec 16 10:48:45 ip-172-31-14-43 kernel: hpet: 3 channels of 0 reserved for per-cpu timers
Dec 16 10:48:45 ip-172-31-14-43 kernel: hpet0: at MMIO 0xfed00000, IRQs 2, 8, 0
Dec 16 10:48:45 ip-172-31-14-43 kernel: hpet0: 3 comparators, 64-bit 62.500000 MHz counter
Dec 16 10:48:45 ip-172-31-14-43 kernel: clocksource: Switched to clocksource xen
Dec 16 10:48:45 ip-172-31-14-43 kernel: VFS: Disk quotas dquot_6.6.0
Dec 16 10:48:45 ip-172-31-14-43 kernel: VFS: Dquot-cache hash table entries: 512 (order 0, 4096 bytes)
Dec 16 10:48:45 ip-172-31-14-43 kernel: pnp: PnP ACPI init
Dec 16 10:48:45 ip-172-31-14-43 kernel: system 00:00: [mem 0x00000000-0x0009ffff] could not be reserved
Dec 16 10:48:45 ip-172-31-14-43 kernel: system 00:01: [io  0x08a0-0x08a3] has been reserved
Dec 16 10:48:45 ip-172-31-14-43 kernel: system 00:01: [io  0x0cc0-0x0ccf] has been reserved
Dec 16 10:48:45 ip-172-31-14-43 kernel: system 00:01: [io  0x04d0-0x04d1] has been reserved
Dec 16 10:48:45 ip-172-31-14-43 kernel: system 00:07: [io  0x10c0-0x1141] has been reserved
Dec 16 10:48:45 ip-172-31-14-43 kernel: system 00:07: [io  0xb044-0xb047] has been reserved
Dec 16 10:48:45 ip-172-31-14-43 kernel: pnp: PnP ACPI: found 8 devices
Dec 16 10:48:45 ip-172-31-14-43 kernel: clocksource: acpi_pm: mask: 0xffffff max_cycles: 0xffffff, max_idle_ns: 2085701024 ns
Dec 16 10:48:45 ip-172-31-14-43 kernel: NET: Registered PF_INET protocol family
Dec 16 10:48:45 ip-172-31-14-43 kernel: IP idents hash table entries: 32768 (order: 6, 262144 bytes, linear)
Dec 16 10:48:45 ip-172-31-14-43 kernel: tcp_listen_portaddr_hash hash table entries: 1024 (order: 2, 16384 bytes, linear)
Dec 16 10:48:45 ip-172-31-14-43 kernel: Table-perturb hash table entries: 65536 (order: 6, 262144 bytes, linear)
Dec 16 10:48:45 ip-172-31-14-43 kernel: TCP established hash table entries: 16384 (order: 5, 131072 bytes, linear)
Dec 16 10:48:45 ip-172-31-14-43 kernel: TCP bind hash table entries: 16384 (order: 7, 524288 bytes, linear)
Dec 16 10:48:45 ip-172-31-14-43 kernel: TCP: Hash tables configured (established 16384 bind 16384)
Dec 16 10:48:45 ip-172-31-14-43 kernel: MPTCP token hash table entries: 2048 (order: 3, 49152 bytes, linear)
Dec 16 10:48:45 ip-172-31-14-43 kernel: UDP hash table entries: 1024 (order: 3, 32768 bytes, linear)
Dec 16 10:48:45 ip-172-31-14-43 kernel: UDP-Lite hash table entries: 1024 (order: 3, 32768 bytes, linear)
Dec 16 10:48:45 ip-172-31-14-43 kernel: NET: Registered PF_UNIX/PF_LOCAL protocol family
Dec 16 10:48:45 ip-172-31-14-43 kernel: NET: Registered PF_XDP protocol family
Dec 16 10:48:45 ip-172-31-14-43 kernel: pci_bus 0000:00: resource 4 [io  0x0000-0x0cf7 window]
Dec 16 10:48:45 ip-172-31-14-43 kernel: pci_bus 0000:00: resource 5 [io  0x0d00-0xffff window]
Dec 16 10:48:45 ip-172-31-14-43 kernel: pci_bus 0000:00: resource 6 [mem 0x000a0000-0x000bffff window]
Dec 16 10:48:45 ip-172-31-14-43 kernel: pci_bus 0000:00: resource 7 [mem 0xf0000000-0xfbffffff window]
Dec 16 10:48:45 ip-172-31-14-43 kernel: pci 0000:00:01.0: PIIX3: Enabling Passive Release
Dec 16 10:48:45 ip-172-31-14-43 kernel: pci 0000:00:00.0: Limiting direct PCI/PCI transfers
Dec 16 10:48:45 ip-172-31-14-43 kernel: PCI: CLS 0 bytes, default 64
Dec 16 10:48:45 ip-172-31-14-43 kernel: clocksource: tsc: mask: 0xffffffffffffffff max_cycles: 0x2127514f604, max_idle_ns: 440795222924 ns
Dec 16 10:48:45 ip-172-31-14-43 kernel: Trying to unpack rootfs image as initramfs...
Dec 16 10:48:45 ip-172-31-14-43 kernel: Initialise system trusted keyrings
Dec 16 10:48:45 ip-172-31-14-43 kernel: Key type blacklist registered
Dec 16 10:48:45 ip-172-31-14-43 kernel: workingset: timestamp_bits=36 max_order=19 bucket_order=0
Dec 16 10:48:45 ip-172-31-14-43 kernel: zbud: loaded
Dec 16 10:48:45 ip-172-31-14-43 kernel: SGI XFS with ACLs, security attributes, quota, no debug enabled
Dec 16 10:48:45 ip-172-31-14-43 kernel: integrity: Platform Keyring initialized
Dec 16 10:48:45 ip-172-31-14-43 kernel: Key type asymmetric registered
Dec 16 10:48:45 ip-172-31-14-43 kernel: Asymmetric key parser 'x509' registered
Dec 16 10:48:45 ip-172-31-14-43 kernel: Block layer SCSI generic (bsg) driver version 0.4 loaded (major 251)
Dec 16 10:48:45 ip-172-31-14-43 kernel: io scheduler mq-deadline registered
Dec 16 10:48:45 ip-172-31-14-43 kernel: io scheduler kyber registered
Dec 16 10:48:45 ip-172-31-14-43 kernel: io scheduler bfq registered
Dec 16 10:48:45 ip-172-31-14-43 kernel: shpchp: Standard Hot Plug PCI Controller Driver version: 0.4
Dec 16 10:48:45 ip-172-31-14-43 kernel: xen:grant_table: Grant tables using version 1 layout
Dec 16 10:48:45 ip-172-31-14-43 kernel: Grant table initialized
Dec 16 10:48:45 ip-172-31-14-43 kernel: Cannot get hvm parameter CONSOLE_EVTCHN (18): -22!
Dec 16 10:48:45 ip-172-31-14-43 kernel: Serial: 8250/16550 driver, 4 ports, IRQ sharing disabled
Dec 16 10:48:45 ip-172-31-14-43 kernel: 00:06: ttyS0 at I/O 0x3f8 (irq = 4, base_baud = 115200) is a 16550A
Dec 16 10:48:45 ip-172-31-14-43 kernel: Freeing initrd memory: 12992K
Dec 16 10:48:45 ip-172-31-14-43 kernel: AMD-Vi: AMD IOMMUv2 functionality not available on this system - This is not a bug.
Dec 16 10:48:45 ip-172-31-14-43 kernel: Invalid max_queues (4), will use default max: 1.
Dec 16 10:48:45 ip-172-31-14-43 kernel: xen_netfront: Initialising Xen virtual ethernet driver
Dec 16 10:48:45 ip-172-31-14-43 kernel: rtc_cmos 00:02: registered as rtc0
Dec 16 10:48:45 ip-172-31-14-43 kernel: rtc_cmos 00:02: setting system clock to 2023-12-16T10:48:45 UTC (1702723725)
Dec 16 10:48:45 ip-172-31-14-43 kernel: rtc_cmos 00:02: alarms up to one day, 114 bytes nvram, hpet irqs
Dec 16 10:48:45 ip-172-31-14-43 kernel: intel_pstate: CPU model not supported
Dec 16 10:48:45 ip-172-31-14-43 kernel: hid: raw HID events driver (C) Jiri Kosina
Dec 16 10:48:45 ip-172-31-14-43 kernel: NET: Registered PF_INET6 protocol family
Dec 16 10:48:45 ip-172-31-14-43 kernel: Segment Routing with IPv6
Dec 16 10:48:45 ip-172-31-14-43 kernel: In-situ OAM (IOAM) with IPv6
Dec 16 10:48:45 ip-172-31-14-43 kernel: NET: Registered PF_PACKET protocol family
Dec 16 10:48:45 ip-172-31-14-43 kernel: IPI shorthand broadcast: enabled
Dec 16 10:48:45 ip-172-31-14-43 kernel: sched_clock: Marking stable (490055420, 18312803)->(516891296, -8523073)
Dec 16 10:48:45 ip-172-31-14-43 kernel: registered taskstats version 1
Dec 16 10:48:45 ip-172-31-14-43 kernel: Loading compiled-in X.509 certificates
Dec 16 10:48:45 ip-172-31-14-43 kernel: Loaded X.509 cert 'Amazon.com: Amazon Linux Kernel Signing Key: b86be34d0a08c4d2a86c75516b2784afd75f327d'
Dec 16 10:48:45 ip-172-31-14-43 kernel: zswap: loaded using pool lzo/zbud
Dec 16 10:48:45 ip-172-31-14-43 kernel: Key type .fscrypt registered
Dec 16 10:48:45 ip-172-31-14-43 kernel: Key type fscrypt-provisioning registered
Dec 16 10:48:45 ip-172-31-14-43 kernel: ima: No TPM chip found, activating TPM-bypass!
Dec 16 10:48:45 ip-172-31-14-43 kernel: ima: Allocated hash algorithm: sha256
Dec 16 10:48:45 ip-172-31-14-43 kernel: ima: No architecture policies found
Dec 16 10:48:45 ip-172-31-14-43 kernel: blkfront: xvda: barrier or flush: disabled; persistent grants: disabled; indirect descriptors: enabled; bounce buffer: disabled;
Dec 16 10:48:45 ip-172-31-14-43 kernel: GPT:Primary header thinks Alt. header is not at the end of the disk.
Dec 16 10:48:45 ip-172-31-14-43 kernel: GPT:16777215 != 62914559
Dec 16 10:48:45 ip-172-31-14-43 kernel: GPT:Alternate GPT header not at the end of the disk.
Dec 16 10:48:45 ip-172-31-14-43 kernel: GPT:16777215 != 62914559
Dec 16 10:48:45 ip-172-31-14-43 kernel: GPT: Use GNU Parted to correct GPT errors.
Dec 16 10:48:45 ip-172-31-14-43 kernel: xvda: xvda1 xvda127 xvda128
Dec 16 10:48:45 ip-172-31-14-43 kernel: Freeing unused decrypted memory: 2036K
Dec 16 10:48:45 ip-172-31-14-43 kernel: Freeing unused kernel image (initmem) memory: 2228K
Dec 16 10:48:45 ip-172-31-14-43 kernel: Write protecting the kernel read-only data: 26624k
Dec 16 10:48:45 ip-172-31-14-43 kernel: Freeing unused kernel image (text/rodata gap) memory: 2036K
Dec 16 10:48:45 ip-172-31-14-43 kernel: Freeing unused kernel image (rodata/data gap) memory: 1672K
Dec 16 10:48:45 ip-172-31-14-43 kernel: Run /init as init process
Dec 16 10:48:45 ip-172-31-14-43 systemd[1]: systemd 252.16-1.amzn2023.0.1 running in system mode (+PAM +AUDIT +SELINUX -APPARMOR +IMA +SMACK +SECCOMP -GCRYPT -GNUTLS +OPENSSL +ACL +BLKID +CURL +ELFUTILS +FIDO2 +IDN2 -IDN -IPTC +KMOD +LIBCRYPTSETUP +LIBFDISK +PCRE2 +PWQUALITY +P11KIT +QRENCODE +TPM2 -BZIP2 -LZ4 +XZ -ZLIB -ZSTD +BPF_FRAMEWORK +XKBCOMMON +UTMP +SYSVINIT default-hierarchy=unified)
Dec 16 10:48:45 ip-172-31-14-43 systemd[1]: Detected virtualization xen.
Dec 16 10:48:45 ip-172-31-14-43 systemd[1]: Detected architecture x86-64.
Dec 16 10:48:45 ip-172-31-14-43 systemd[1]: Running in initrd.
Dec 16 10:48:45 ip-172-31-14-43 systemd[1]: No hostname configured, using default hostname.
Dec 16 10:48:45 ip-172-31-14-43 systemd[1]: Hostname set to <localhost>.
Dec 16 10:48:45 ip-172-31-14-43 systemd[1]: Initializing machine ID from random generator.
Dec 16 10:48:45 ip-172-31-14-43 systemd[1]: Queued start job for default target initrd.target.
Dec 16 10:48:45 ip-172-31-14-43 systemd[1]: Started systemd-ask-password-console.path - Dispatch Password Requests to Console Directory Watch.
Dec 16 10:48:45 ip-172-31-14-43 systemd[1]: Reached target initrd-usr-fs.target - Initrd /usr File System.
Dec 16 10:48:45 ip-172-31-14-43 systemd[1]: Reached target local-fs.target - Local File Systems.
Dec 16 10:48:45 ip-172-31-14-43 systemd[1]: Reached target paths.target - Path Units.
Dec 16 10:48:45 ip-172-31-14-43 systemd[1]: Reached target slices.target - Slice Units.
Dec 16 10:48:45 ip-172-31-14-43 systemd[1]: Reached target swap.target - Swaps.
Dec 16 10:48:45 ip-172-31-14-43 systemd[1]: Reached target timers.target - Timer Units.
Dec 16 10:48:45 ip-172-31-14-43 systemd[1]: Listening on systemd-journald-audit.socket - Journal Audit Socket.
Dec 16 10:48:45 ip-172-31-14-43 systemd[1]: Listening on systemd-journald-dev-log.socket - Journal Socket (/dev/log).
Dec 16 10:48:45 ip-172-31-14-43 systemd[1]: Listening on systemd-journald.socket - Journal Socket.
Dec 16 10:48:45 ip-172-31-14-43 systemd[1]: Listening on systemd-udevd-control.socket - udev Control Socket.
Dec 16 10:48:45 ip-172-31-14-43 systemd[1]: Listening on systemd-udevd-kernel.socket - udev Kernel Socket.
Dec 16 10:48:45 ip-172-31-14-43 systemd[1]: Reached target sockets.target - Socket Units.
Dec 16 10:48:45 ip-172-31-14-43 systemd[1]: kmod-static-nodes.service - Create List of Static Device Nodes was skipped because of an unmet condition check (ConditionFileNotEmpty=/lib/modules/6.1.61-85.141.amzn2023.x86_64/modules.devname).
Dec 16 10:48:45 ip-172-31-14-43 systemd[1]: Started rngd.service - Hardware RNG Entropy Gatherer Daemon.
Dec 16 10:48:45 ip-172-31-14-43 systemd[1]: Starting systemd-journald.service - Journal Service...
Dec 16 10:48:45 ip-172-31-14-43 systemd[1]: systemd-modules-load.service - Load Kernel Modules was skipped because no trigger condition checks were met.
Dec 16 10:48:45 ip-172-31-14-43 systemd[1]: Starting systemd-sysctl.service - Apply Kernel Variables...
Dec 16 10:48:45 ip-172-31-14-43 systemd[1]: Starting systemd-tmpfiles-setup-dev.service - Create Static Device Nodes in /dev...
Dec 16 10:48:45 ip-172-31-14-43 systemd[1]: Starting systemd-vconsole-setup.service - Setup Virtual Console...
Dec 16 10:48:45 ip-172-31-14-43 systemd[1]: Finished systemd-tmpfiles-setup-dev.service - Create Static Device Nodes in /dev.
Dec 16 10:48:45 ip-172-31-14-43 systemd[1]: Finished systemd-sysctl.service - Apply Kernel Variables.
Dec 16 10:48:45 ip-172-31-14-43 systemd-journald[301]: Journal started
Dec 16 10:48:45 ip-172-31-14-43 systemd-journald[301]: Runtime Journal (/run/log/journal/8586e711f7c24e6880d3cd991837d394) is 4.8M, max 39.1M, 34.2M free.
Dec 16 10:48:45 ip-172-31-14-43 systemd[1]: Started systemd-journald.service - Journal Service.
Dec 16 10:48:45 ip-172-31-14-43 kernel: audit: type=1130 audit(1702723725.860:2): pid=1 uid=0 auid=4294967295 ses=4294967295 subj=kernel msg='unit=systemd-journald comm="systemd" exe="/usr/lib/systemd/systemd" hostname=? addr=? terminal=? res=success'
Dec 16 10:48:45 ip-172-31-14-43 audit[1]: SERVICE_START pid=1 uid=0 auid=4294967295 ses=4294967295 subj=kernel msg='unit=systemd-journald comm="systemd" exe="/usr/lib/systemd/systemd" hostname=? addr=? terminal=? res=success'
Dec 16 10:48:45 ip-172-31-14-43 rngd[300]: Initializing available sources
Dec 16 10:48:45 ip-172-31-14-43 rngd[300]: [hwrng ]: Initialization Failed
Dec 16 10:48:45 ip-172-31-14-43 rngd[300]: [rdrand]: Enabling RDRAND rng support
Dec 16 10:48:45 ip-172-31-14-43 rngd[300]: [rdrand]: Initialized
Dec 16 10:48:45 ip-172-31-14-43 systemd[1]: Starting systemd-tmpfiles-setup.service - Create Volatile Files and Directories...
Dec 16 10:48:45 ip-172-31-14-43 rngd[300]: [jitter]: Initializing AES buffer
Dec 16 10:48:45 ip-172-31-14-43 systemd[1]: Finished systemd-tmpfiles-setup.service - Create Volatile Files and Directories.
Dec 16 10:48:45 ip-172-31-14-43 audit[1]: SERVICE_START pid=1 uid=0 auid=4294967295 ses=4294967295 subj=kernel msg='unit=systemd-tmpfiles-setup comm="systemd" exe="/usr/lib/systemd/systemd" hostname=? addr=? terminal=? res=success'
Dec 16 10:48:45 ip-172-31-14-43 kernel: audit: type=1130 audit(1702723725.920:3): pid=1 uid=0 auid=4294967295 ses=4294967295 subj=kernel msg='unit=systemd-tmpfiles-setup comm="systemd" exe="/usr/lib/systemd/systemd" hostname=? addr=? terminal=? res=success'
Dec 16 10:48:45 ip-172-31-14-43 systemd[1]: Finished systemd-vconsole-setup.service - Setup Virtual Console.
Dec 16 10:48:45 ip-172-31-14-43 systemd[1]: dracut-cmdline-ask.service - dracut ask for additional cmdline parameters was skipped because no trigger condition checks were met.
Dec 16 10:48:45 ip-172-31-14-43 audit[1]: SERVICE_START pid=1 uid=0 auid=4294967295 ses=4294967295 subj=kernel msg='unit=systemd-vconsole-setup comm="systemd" exe="/usr/lib/systemd/systemd" hostname=? addr=? terminal=? res=success'
Dec 16 10:48:45 ip-172-31-14-43 systemd[1]: Starting dracut-cmdline.service - dracut cmdline hook...
Dec 16 10:48:45 ip-172-31-14-43 kernel: audit: type=1130 audit(1702723725.930:4): pid=1 uid=0 auid=4294967295 ses=4294967295 subj=kernel msg='unit=systemd-vconsole-setup comm="systemd" exe="/usr/lib/systemd/systemd" hostname=? addr=? terminal=? res=success'
Dec 16 10:48:45 ip-172-31-14-43 dracut-cmdline[312]: dracut-2023 dracut-055-6.amzn2023.0.8
Dec 16 10:48:45 ip-172-31-14-43 dracut-cmdline[312]: Using kernel command line parameters:    BOOT_IMAGE=(hd0,gpt1)/boot/vmlinuz-6.1.61-85.141.amzn2023.x86_64 root=UUID=66eb3733-37f3-4398-9990-e97c15b01e5b ro console=tty0 console=ttyS0,115200n8 nvme_core.io_timeout=4294967295 rd.emergency=poweroff rd.shell=0 selinux=1 security=selinux quiet
Dec 16 10:48:46 ip-172-31-14-43 systemd[1]: Finished dracut-cmdline.service - dracut cmdline hook.
Dec 16 10:48:46 ip-172-31-14-43 systemd[1]: dracut-pre-udev.service - dracut pre-udev hook was skipped because no trigger condition checks were met.
Dec 16 10:48:46 ip-172-31-14-43 audit[1]: SERVICE_START pid=1 uid=0 auid=4294967295 ses=4294967295 subj=kernel msg='unit=dracut-cmdline comm="systemd" exe="/usr/lib/systemd/systemd" hostname=? addr=? terminal=? res=success'
Dec 16 10:48:46 ip-172-31-14-43 audit: BPF prog-id=6 op=LOAD
Dec 16 10:48:46 ip-172-31-14-43 audit: BPF prog-id=7 op=LOAD
Dec 16 10:48:46 ip-172-31-14-43 kernel: audit: type=1130 audit(1702723726.020:5): pid=1 uid=0 auid=4294967295 ses=4294967295 subj=kernel msg='unit=dracut-cmdline comm="systemd" exe="/usr/lib/systemd/systemd" hostname=? addr=? terminal=? res=success'
Dec 16 10:48:46 ip-172-31-14-43 kernel: audit: type=1334 audit(1702723726.020:6): prog-id=6 op=LOAD
Dec 16 10:48:46 ip-172-31-14-43 kernel: audit: type=1334 audit(1702723726.020:7): prog-id=7 op=LOAD
Dec 16 10:48:46 ip-172-31-14-43 systemd[1]: Starting systemd-udevd.service - Rule-based Manager for Device Events and Files...
Dec 16 10:48:46 ip-172-31-14-43 systemd-udevd[363]: Using default interface naming scheme 'v252'.
Dec 16 10:48:46 ip-172-31-14-43 systemd[1]: Started systemd-udevd.service - Rule-based Manager for Device Events and Files.
Dec 16 10:48:46 ip-172-31-14-43 systemd[1]: Starting dracut-pre-trigger.service - dracut pre-trigger hook...
Dec 16 10:48:46 ip-172-31-14-43 audit[1]: SERVICE_START pid=1 uid=0 auid=4294967295 ses=4294967295 subj=kernel msg='unit=systemd-udevd comm="systemd" exe="/usr/lib/systemd/systemd" hostname=? addr=? terminal=? res=success'
Dec 16 10:48:46 ip-172-31-14-43 kernel: audit: type=1130 audit(1702723726.070:8): pid=1 uid=0 auid=4294967295 ses=4294967295 subj=kernel msg='unit=systemd-udevd comm="systemd" exe="/usr/lib/systemd/systemd" hostname=? addr=? terminal=? res=success'
Dec 16 10:48:46 ip-172-31-14-43 systemd[1]: Finished dracut-pre-trigger.service - dracut pre-trigger hook.
Dec 16 10:48:46 ip-172-31-14-43 audit[1]: SERVICE_START pid=1 uid=0 auid=4294967295 ses=4294967295 subj=kernel msg='unit=dracut-pre-trigger comm="systemd" exe="/usr/lib/systemd/systemd" hostname=? addr=? terminal=? res=success'
Dec 16 10:48:46 ip-172-31-14-43 kernel: audit: type=1130 audit(1702723726.100:9): pid=1 uid=0 auid=4294967295 ses=4294967295 subj=kernel msg='unit=dracut-pre-trigger comm="systemd" exe="/usr/lib/systemd/systemd" hostname=? addr=? terminal=? res=success'
Dec 16 10:48:46 ip-172-31-14-43 systemd[1]: Starting systemd-udev-trigger.service - Coldplug All udev Devices...
Dec 16 10:48:46 ip-172-31-14-43 systemd[1]: Finished systemd-udev-trigger.service - Coldplug All udev Devices.
Dec 16 10:48:46 ip-172-31-14-43 systemd[1]: Reached target sysinit.target - System Initialization.
Dec 16 10:48:46 ip-172-31-14-43 systemd[1]: Reached target basic.target - Basic System.
Dec 16 10:48:46 ip-172-31-14-43 systemd[1]: dracut-initqueue.service - dracut initqueue hook was skipped because no trigger condition checks were met.
Dec 16 10:48:46 ip-172-31-14-43 systemd[1]: Reached target remote-fs-pre.target - Preparation for Remote File Systems.
Dec 16 10:48:46 ip-172-31-14-43 systemd[1]: Reached target remote-fs.target - Remote File Systems.
Dec 16 10:48:46 ip-172-31-14-43 systemd[1]: dracut-pre-mount.service - dracut pre-mount hook was skipped because no trigger condition checks were met.
Dec 16 10:48:46 ip-172-31-14-43 audit[1]: SERVICE_START pid=1 uid=0 auid=4294967295 ses=4294967295 subj=kernel msg='unit=systemd-udev-trigger comm="systemd" exe="/usr/lib/systemd/systemd" hostname=? addr=? terminal=? res=success'
Dec 16 10:48:46 ip-172-31-14-43 kernel: audit: type=1130 audit(1702723726.310:10): pid=1 uid=0 auid=4294967295 ses=4294967295 subj=kernel msg='unit=systemd-udev-trigger comm="systemd" exe="/usr/lib/systemd/systemd" hostname=? addr=? terminal=? res=success'
Dec 16 10:48:46 ip-172-31-14-43 systemd[1]: Found device dev-disk-by\x2duuid-66eb3733\x2d37f3\x2d4398\x2d9990\x2de97c15b01e5b.device - /dev/disk/by-uuid/66eb3733-37f3-4398-9990-e97c15b01e5b.
Dec 16 10:48:46 ip-172-31-14-43 systemd[1]: Reached target initrd-root-device.target - Initrd Root Device.
Dec 16 10:48:46 ip-172-31-14-43 systemd[1]: Mounting sysroot.mount - /sysroot...
Dec 16 10:48:46 ip-172-31-14-43 kernel: XFS (xvda1): Mounting V5 Filesystem
Dec 16 10:48:46 ip-172-31-14-43 systemd[1]: Mounted sysroot.mount - /sysroot.
Dec 16 10:48:46 ip-172-31-14-43 systemd[1]: Reached target initrd-root-fs.target - Initrd Root File System.
Dec 16 10:48:46 ip-172-31-14-43 kernel: XFS (xvda1): Ending clean mount
Dec 16 10:48:46 ip-172-31-14-43 systemd[1]: Starting initrd-parse-etc.service - Mountpoints Configured in the Real Root...
Dec 16 10:48:46 ip-172-31-14-43 systemd[1]: initrd-parse-etc.service: Deactivated successfully.
Dec 16 10:48:46 ip-172-31-14-43 systemd[1]: Finished initrd-parse-etc.service - Mountpoints Configured in the Real Root.
Dec 16 10:48:46 ip-172-31-14-43 audit[1]: SERVICE_START pid=1 uid=0 auid=4294967295 ses=4294967295 subj=kernel msg='unit=initrd-parse-etc comm="systemd" exe="/usr/lib/systemd/systemd" hostname=? addr=? terminal=? res=success'
Dec 16 10:48:46 ip-172-31-14-43 audit[1]: SERVICE_STOP pid=1 uid=0 auid=4294967295 ses=4294967295 subj=kernel msg='unit=initrd-parse-etc comm="systemd" exe="/usr/lib/systemd/systemd" hostname=? addr=? terminal=? res=success'
Dec 16 10:48:46 ip-172-31-14-43 systemd[1]: Reached target initrd-fs.target - Initrd File Systems.
Dec 16 10:48:46 ip-172-31-14-43 systemd[1]: Reached target initrd.target - Initrd Default Target.
Dec 16 10:48:46 ip-172-31-14-43 systemd[1]: dracut-mount.service - dracut mount hook was skipped because no trigger condition checks were met.
Dec 16 10:48:46 ip-172-31-14-43 systemd[1]: dracut-pre-pivot.service - dracut pre-pivot and cleanup hook was skipped because no trigger condition checks were met.
Dec 16 10:48:46 ip-172-31-14-43 systemd[1]: Starting initrd-cleanup.service - Cleaning Up and Shutting Down Daemons...
Dec 16 10:48:46 ip-172-31-14-43 systemd[1]: initrd-cleanup.service: Deactivated successfully.
Dec 16 10:48:46 ip-172-31-14-43 systemd[1]: Finished initrd-cleanup.service - Cleaning Up and Shutting Down Daemons.
Dec 16 10:48:46 ip-172-31-14-43 audit[1]: SERVICE_START pid=1 uid=0 auid=4294967295 ses=4294967295 subj=kernel msg='unit=initrd-cleanup comm="systemd" exe="/usr/lib/systemd/systemd" hostname=? addr=? terminal=? res=success'
Dec 16 10:48:46 ip-172-31-14-43 audit[1]: SERVICE_STOP pid=1 uid=0 auid=4294967295 ses=4294967295 subj=kernel msg='unit=initrd-cleanup comm="systemd" exe="/usr/lib/systemd/systemd" hostname=? addr=? terminal=? res=success'
Dec 16 10:48:46 ip-172-31-14-43 systemd[1]: Stopped target initrd.target - Initrd Default Target.
Dec 16 10:48:46 ip-172-31-14-43 systemd[1]: Stopped target basic.target - Basic System.
Dec 16 10:48:46 ip-172-31-14-43 systemd[1]: Stopped target initrd-root-device.target - Initrd Root Device.
Dec 16 10:48:46 ip-172-31-14-43 systemd[1]: Stopped target initrd-usr-fs.target - Initrd /usr File System.
Dec 16 10:48:46 ip-172-31-14-43 systemd[1]: Stopped target paths.target - Path Units.
Dec 16 10:48:46 ip-172-31-14-43 systemd[1]: systemd-ask-password-console.path: Deactivated successfully.
Dec 16 10:48:46 ip-172-31-14-43 systemd[1]: Stopped systemd-ask-password-console.path - Dispatch Password Requests to Console Directory Watch.
Dec 16 10:48:46 ip-172-31-14-43 systemd[1]: Stopped target remote-fs.target - Remote File Systems.
Dec 16 10:48:46 ip-172-31-14-43 systemd[1]: Stopped target remote-fs-pre.target - Preparation for Remote File Systems.
Dec 16 10:48:46 ip-172-31-14-43 systemd[1]: Stopped target slices.target - Slice Units.
Dec 16 10:48:46 ip-172-31-14-43 systemd[1]: Stopped target sockets.target - Socket Units.
Dec 16 10:48:46 ip-172-31-14-43 systemd[1]: Stopped target sysinit.target - System Initialization.
Dec 16 10:48:46 ip-172-31-14-43 systemd[1]: Stopped target swap.target - Swaps.
Dec 16 10:48:46 ip-172-31-14-43 systemd[1]: Stopped target timers.target - Timer Units.
Dec 16 10:48:46 ip-172-31-14-43 systemd[1]: dracut-cmdline.service: Deactivated successfully.
Dec 16 10:48:46 ip-172-31-14-43 systemd[1]: Stopped dracut-cmdline.service - dracut cmdline hook.
Dec 16 10:48:46 ip-172-31-14-43 systemd[1]: systemd-sysctl.service: Deactivated successfully.
Dec 16 10:48:46 ip-172-31-14-43 systemd[1]: Stopped systemd-sysctl.service - Apply Kernel Variables.
Dec 16 10:48:46 ip-172-31-14-43 audit[1]: SERVICE_STOP pid=1 uid=0 auid=4294967295 ses=4294967295 subj=kernel msg='unit=dracut-cmdline comm="systemd" exe="/usr/lib/systemd/systemd" hostname=? addr=? terminal=? res=success'
Dec 16 10:48:46 ip-172-31-14-43 audit[1]: SERVICE_STOP pid=1 uid=0 auid=4294967295 ses=4294967295 subj=kernel msg='unit=systemd-sysctl comm="systemd" exe="/usr/lib/systemd/systemd" hostname=? addr=? terminal=? res=success'
Dec 16 10:48:46 ip-172-31-14-43 audit[1]: SERVICE_STOP pid=1 uid=0 auid=4294967295 ses=4294967295 subj=kernel msg='unit=systemd-tmpfiles-setup comm="systemd" exe="/usr/lib/systemd/systemd" hostname=? addr=? terminal=? res=success'
Dec 16 10:48:46 ip-172-31-14-43 systemd[1]: systemd-tmpfiles-setup.service: Deactivated successfully.
Dec 16 10:48:46 ip-172-31-14-43 systemd[1]: Stopped systemd-tmpfiles-setup.service - Create Volatile Files and Directories.
Dec 16 10:48:46 ip-172-31-14-43 audit[1]: SERVICE_STOP pid=1 uid=0 auid=4294967295 ses=4294967295 subj=kernel msg='unit=systemd-udev-trigger comm="systemd" exe="/usr/lib/systemd/systemd" hostname=? addr=? terminal=? res=success'
Dec 16 10:48:46 ip-172-31-14-43 audit[1]: SERVICE_STOP pid=1 uid=0 auid=4294967295 ses=4294967295 subj=kernel msg='unit=dracut-pre-trigger comm="systemd" exe="/usr/lib/systemd/systemd" hostname=? addr=? terminal=? res=success'
Dec 16 10:48:46 ip-172-31-14-43 audit[1]: SERVICE_STOP pid=1 uid=0 auid=4294967295 ses=4294967295 subj=kernel msg='unit=systemd-vconsole-setup comm="systemd" exe="/usr/lib/systemd/systemd" hostname=? addr=? terminal=? res=success'
Dec 16 10:48:46 ip-172-31-14-43 systemd[1]: Stopped target local-fs.target - Local File Systems.
Dec 16 10:48:46 ip-172-31-14-43 systemd[1]: systemd-udev-trigger.service: Deactivated successfully.
Dec 16 10:48:46 ip-172-31-14-43 systemd[1]: Stopped systemd-udev-trigger.service - Coldplug All udev Devices.
Dec 16 10:48:46 ip-172-31-14-43 systemd[1]: dracut-pre-trigger.service: Deactivated successfully.
Dec 16 10:48:46 ip-172-31-14-43 systemd[1]: Stopped dracut-pre-trigger.service - dracut pre-trigger hook.
Dec 16 10:48:46 ip-172-31-14-43 systemd[1]: Stopping systemd-udevd.service - Rule-based Manager for Device Events and Files...
Dec 16 10:48:46 ip-172-31-14-43 systemd[1]: systemd-vconsole-setup.service: Deactivated successfully.
Dec 16 10:48:46 ip-172-31-14-43 systemd[1]: Stopped systemd-vconsole-setup.service - Setup Virtual Console.
Dec 16 10:48:46 ip-172-31-14-43 audit[1]: SERVICE_STOP pid=1 uid=0 auid=4294967295 ses=4294967295 subj=kernel msg='unit=systemd-udevd comm="systemd" exe="/usr/lib/systemd/systemd" hostname=? addr=? terminal=? res=success'
Dec 16 10:48:46 ip-172-31-14-43 systemd[1]: systemd-udevd.service: Deactivated successfully.
Dec 16 10:48:46 ip-172-31-14-43 systemd[1]: Stopped systemd-udevd.service - Rule-based Manager for Device Events and Files.
Dec 16 10:48:46 ip-172-31-14-43 systemd[1]: systemd-udevd-control.socket: Deactivated successfully.
Dec 16 10:48:46 ip-172-31-14-43 systemd[1]: Closed systemd-udevd-control.socket - udev Control Socket.
Dec 16 10:48:46 ip-172-31-14-43 systemd[1]: systemd-udevd-kernel.socket: Deactivated successfully.
Dec 16 10:48:46 ip-172-31-14-43 systemd[1]: Closed systemd-udevd-kernel.socket - udev Kernel Socket.
Dec 16 10:48:46 ip-172-31-14-43 systemd[1]: Starting initrd-udevadm-cleanup-db.service - Cleanup udev Database...
Dec 16 10:48:46 ip-172-31-14-43 systemd[1]: Stopping rngd.service - Hardware RNG Entropy Gatherer Daemon...
Dec 16 10:48:46 ip-172-31-14-43 systemd[1]: systemd-tmpfiles-setup-dev.service: Deactivated successfully.
Dec 16 10:48:46 ip-172-31-14-43 systemd[1]: Stopped systemd-tmpfiles-setup-dev.service - Create Static Device Nodes in /dev.
Dec 16 10:48:46 ip-172-31-14-43 audit[1]: SERVICE_STOP pid=1 uid=0 auid=4294967295 ses=4294967295 subj=kernel msg='unit=systemd-tmpfiles-setup-dev comm="systemd" exe="/usr/lib/systemd/systemd" hostname=? addr=? terminal=? res=success'
Dec 16 10:48:46 ip-172-31-14-43 systemd[1]: initrd-udevadm-cleanup-db.service: Deactivated successfully.
Dec 16 10:48:46 ip-172-31-14-43 audit[1]: SERVICE_START pid=1 uid=0 auid=4294967295 ses=4294967295 subj=kernel msg='unit=initrd-udevadm-cleanup-db comm="systemd" exe="/usr/lib/systemd/systemd" hostname=? addr=? terminal=? res=success'
Dec 16 10:48:46 ip-172-31-14-43 systemd[1]: Finished initrd-udevadm-cleanup-db.service - Cleanup udev Database.
Dec 16 10:48:46 ip-172-31-14-43 audit[1]: SERVICE_STOP pid=1 uid=0 auid=4294967295 ses=4294967295 subj=kernel msg='unit=initrd-udevadm-cleanup-db comm="systemd" exe="/usr/lib/systemd/systemd" hostname=? addr=? terminal=? res=success'
Dec 16 10:48:46 ip-172-31-14-43 systemd[1]: Reached target initrd-switch-root.target - Switch Root.
Dec 16 10:48:46 ip-172-31-14-43 systemd[1]: Starting initrd-switch-root.service - Switch Root...
Dec 16 10:48:46 ip-172-31-14-43 systemd[1]: rngd.service: Deactivated successfully.
Dec 16 10:48:46 ip-172-31-14-43 systemd[1]: Stopped rngd.service - Hardware RNG Entropy Gatherer Daemon.
Dec 16 10:48:46 ip-172-31-14-43 audit[1]: SERVICE_STOP pid=1 uid=0 auid=4294967295 ses=4294967295 subj=kernel msg='unit=rngd comm="systemd" exe="/usr/lib/systemd/systemd" hostname=? addr=? terminal=? res=success'
Dec 16 10:48:46 ip-172-31-14-43 systemd[1]: Switching root.
Dec 16 10:48:46 ip-172-31-14-43 systemd-journald[301]: Journal stopped
Dec 16 10:48:47 ip-172-31-14-43 systemd-journald[301]: Received SIGTERM from PID 1 (systemd).
Dec 16 10:48:47 ip-172-31-14-43 kernel: SELinux:  Class user_namespace not defined in policy.
Dec 16 10:48:47 ip-172-31-14-43 kernel: SELinux: the above unknown classes and permissions will be allowed
Dec 16 10:48:47 ip-172-31-14-43 kernel: SELinux:  policy capability network_peer_controls=1
Dec 16 10:48:47 ip-172-31-14-43 kernel: SELinux:  policy capability open_perms=1
Dec 16 10:48:47 ip-172-31-14-43 kernel: SELinux:  policy capability extended_socket_class=1
Dec 16 10:48:47 ip-172-31-14-43 kernel: SELinux:  policy capability always_check_network=0
Dec 16 10:48:47 ip-172-31-14-43 kernel: SELinux:  policy capability cgroup_seclabel=1
Dec 16 10:48:47 ip-172-31-14-43 kernel: SELinux:  policy capability nnp_nosuid_transition=1
Dec 16 10:48:47 ip-172-31-14-43 kernel: SELinux:  policy capability genfs_seclabel_symlinks=1
Dec 16 10:48:47 ip-172-31-14-43 kernel: SELinux:  policy capability ioctl_skip_cloexec=0
Dec 16 10:48:47 ip-172-31-14-43 systemd[1]: Successfully loaded SELinux policy in 113.054ms.
Dec 16 10:48:47 ip-172-31-14-43 systemd[1]: Relabelled /dev, /dev/shm, /run, /sys/fs/cgroup in 24.554ms.
Dec 16 10:48:47 ip-172-31-14-43 systemd[1]: systemd 252.16-1.amzn2023.0.1 running in system mode (+PAM +AUDIT +SELINUX -APPARMOR +IMA +SMACK +SECCOMP -GCRYPT -GNUTLS +OPENSSL +ACL +BLKID +CURL +ELFUTILS +FIDO2 +IDN2 -IDN -IPTC +KMOD +LIBCRYPTSETUP +LIBFDISK +PCRE2 +PWQUALITY +P11KIT +QRENCODE +TPM2 -BZIP2 -LZ4 +XZ -ZLIB -ZSTD +BPF_FRAMEWORK +XKBCOMMON +UTMP +SYSVINIT default-hierarchy=unified)
Dec 16 10:48:47 ip-172-31-14-43 systemd[1]: Detected virtualization xen.
Dec 16 10:48:47 ip-172-31-14-43 systemd[1]: Detected architecture x86-64.
Dec 16 10:48:47 ip-172-31-14-43 systemd[1]: Hostname set to <ip-172-31-14-43.eu-central-1.compute.internal>.
Dec 16 10:48:47 ip-172-31-14-43 systemd[1]: Failed to open libbpf, cgroup BPF features disabled: Operation not supported
Dec 16 10:48:47 ip-172-31-14-43 zram_generator::config[1019]: zram0: system has too much memory (1955MB), limit is 800MB, ignoring.
Dec 16 10:48:47 ip-172-31-14-43 systemd-sysv-generator[1017]: SysV service '/etc/rc.d/init.d/cfn-hup' lacks a native systemd unit file. Automatically generating a unit file for compatibility. Please update package to include a native systemd unit file, in order to make it more safe and robust.
Dec 16 10:48:47 ip-172-31-14-43 systemd[1]: /usr/lib/systemd/system/acpid.socket:6: ListenStream= references a path below legacy directory /var/run/, updating /var/run/acpid.socket  /run/acpid.socket; please update the unit file accordingly.
Dec 16 10:48:47 ip-172-31-14-43 systemd[1]: initrd-switch-root.service: Deactivated successfully.
Dec 16 10:48:47 ip-172-31-14-43 systemd[1]: Stopped initrd-switch-root.service - Switch Root.
Dec 16 10:48:47 ip-172-31-14-43 systemd[1]: systemd-journald.service: Scheduled restart job, restart counter is at 1.
Dec 16 10:48:47 ip-172-31-14-43 systemd[1]: Created slice system-getty.slice - Slice /system/getty.
Dec 16 10:48:47 ip-172-31-14-43 systemd[1]: Created slice system-modprobe.slice - Slice /system/modprobe.
Dec 16 10:48:47 ip-172-31-14-43 systemd[1]: Created slice system-serial\x2dgetty.slice - Slice /system/serial-getty.
Dec 16 10:48:47 ip-172-31-14-43 systemd[1]: Created slice system-sshd\x2dkeygen.slice - Slice /system/sshd-keygen.
Dec 16 10:48:47 ip-172-31-14-43 systemd[1]: Created slice user.slice - User and Session Slice.
Dec 16 10:48:47 ip-172-31-14-43 systemd[1]: Started systemd-ask-password-console.path - Dispatch Password Requests to Console Directory Watch.
Dec 16 10:48:47 ip-172-31-14-43 systemd[1]: Started systemd-ask-password-wall.path - Forward Password Requests to Wall Directory Watch.
Dec 16 10:48:47 ip-172-31-14-43 systemd[1]: Set up automount proc-sys-fs-binfmt_misc.automount - Arbitrary Executable File Formats File System Automount Point.
Dec 16 10:48:47 ip-172-31-14-43 systemd[1]: Reached target aws-eb.target.
Dec 16 10:48:47 ip-172-31-14-43 systemd[1]: Reached target cryptsetup.target - Local Encrypted Volumes.
Dec 16 10:48:47 ip-172-31-14-43 systemd[1]: Stopped target initrd-switch-root.target - Switch Root.
Dec 16 10:48:47 ip-172-31-14-43 systemd[1]: Stopped target initrd-fs.target - Initrd File Systems.
Dec 16 10:48:47 ip-172-31-14-43 systemd[1]: Stopped target initrd-root-fs.target - Initrd Root File System.
Dec 16 10:48:47 ip-172-31-14-43 systemd[1]: Reached target integritysetup.target - Local Integrity Protected Volumes.
Dec 16 10:48:47 ip-172-31-14-43 systemd[1]: Reached target paths.target - Path Units.
Dec 16 10:48:47 ip-172-31-14-43 systemd[1]: Reached target slices.target - Slice Units.
Dec 16 10:48:47 ip-172-31-14-43 systemd[1]: Reached target swap.target - Swaps.
Dec 16 10:48:47 ip-172-31-14-43 systemd[1]: Reached target veritysetup.target - Local Verity Protected Volumes.
Dec 16 10:48:47 ip-172-31-14-43 systemd[1]: Listening on systemd-coredump.socket - Process Core Dump Socket.
Dec 16 10:48:47 ip-172-31-14-43 systemd[1]: Listening on systemd-initctl.socket - initctl Compatibility Named Pipe.
Dec 16 10:48:47 ip-172-31-14-43 systemd[1]: Listening on systemd-networkd.socket - Network Service Netlink Socket.
Dec 16 10:48:47 ip-172-31-14-43 systemd[1]: Listening on systemd-udevd-control.socket - udev Control Socket.
Dec 16 10:48:47 ip-172-31-14-43 systemd[1]: Listening on systemd-udevd-kernel.socket - udev Kernel Socket.
Dec 16 10:48:47 ip-172-31-14-43 systemd[1]: Listening on systemd-userdbd.socket - User Database Manager Socket.
Dec 16 10:48:47 ip-172-31-14-43 systemd[1]: Mounting dev-hugepages.mount - Huge Pages File System...
Dec 16 10:48:47 ip-172-31-14-43 systemd[1]: Mounting dev-mqueue.mount - POSIX Message Queue File System...
Dec 16 10:48:47 ip-172-31-14-43 systemd[1]: Mounting sys-kernel-debug.mount - Kernel Debug File System...
Dec 16 10:48:47 ip-172-31-14-43 systemd[1]: Mounting sys-kernel-tracing.mount - Kernel Trace File System...
Dec 16 10:48:47 ip-172-31-14-43 systemd[1]: Mounting tmp.mount - Temporary Directory /tmp...
Dec 16 10:48:47 ip-172-31-14-43 systemd[1]: auth-rpcgss-module.service - Kernel Module supporting RPCSEC_GSS was skipped because of an unmet condition check (ConditionPathExists=/etc/krb5.keytab).
Dec 16 10:48:47 ip-172-31-14-43 systemd[1]: Starting kmod-static-nodes.service - Create List of Static Device Nodes...
Dec 16 10:48:47 ip-172-31-14-43 systemd[1]: Starting modprobe@configfs.service - Load Kernel Module configfs...
Dec 16 10:48:47 ip-172-31-14-43 systemd[1]: Starting modprobe@dm_mod.service - Load Kernel Module dm_mod...
Dec 16 10:48:47 ip-172-31-14-43 systemd[1]: Starting modprobe@drm.service - Load Kernel Module drm...
Dec 16 10:48:47 ip-172-31-14-43 systemd[1]: Starting modprobe@efi_pstore.service - Load Kernel Module efi_pstore...
Dec 16 10:48:47 ip-172-31-14-43 systemd[1]: Starting modprobe@fuse.service - Load Kernel Module fuse...
Dec 16 10:48:47 ip-172-31-14-43 kernel: device-mapper: core: CONFIG_IMA_DISABLE_HTABLE is disabled. Duplicate IMA measurements will not be recorded in the IMA log.
Dec 16 10:48:47 ip-172-31-14-43 kernel: device-mapper: uevent: version 1.0.3
Dec 16 10:48:47 ip-172-31-14-43 kernel: fuse: init (API version 7.37)
Dec 16 10:48:47 ip-172-31-14-43 systemd[1]: Starting modprobe@loop.service - Load Kernel Module loop...
Dec 16 10:48:47 ip-172-31-14-43 systemd[1]: Starting nfs-convert.service - Preprocess NFS configuration convertion...
Dec 16 10:48:47 ip-172-31-14-43 systemd[1]: Starting systemd-fsck-root.service - File System Check on Root Device...
Dec 16 10:48:47 ip-172-31-14-43 systemd[1]: Stopped systemd-journald.service - Journal Service.
Dec 16 10:48:47 ip-172-31-14-43 systemd[1]: Starting systemd-journald.service - Journal Service...
Dec 16 10:48:47 ip-172-31-14-43 systemd[1]: systemd-modules-load.service - Load Kernel Modules was skipped because no trigger condition checks were met.
Dec 16 10:48:47 ip-172-31-14-43 systemd[1]: Starting systemd-network-generator.service - Generate network units from Kernel command line...
Dec 16 10:48:47 ip-172-31-14-43 kernel: device-mapper: ioctl: 4.47.0-ioctl (2022-07-28) initialised: dm-devel@redhat.com
Dec 16 10:48:47 ip-172-31-14-43 kernel: loop: module loaded
Dec 16 10:48:47 ip-172-31-14-43 systemd[1]: Starting systemd-sysctl.service - Apply Kernel Variables...
Dec 16 10:48:47 ip-172-31-14-43 systemd[1]: Starting systemd-udev-trigger.service - Coldplug All udev Devices...
Dec 16 10:48:47 ip-172-31-14-43 systemd[1]: Mounted dev-hugepages.mount - Huge Pages File System.
Dec 16 10:48:47 ip-172-31-14-43 systemd[1]: Mounted dev-mqueue.mount - POSIX Message Queue File System.
Dec 16 10:48:47 ip-172-31-14-43 systemd[1]: Mounted sys-kernel-debug.mount - Kernel Debug File System.
Dec 16 10:48:47 ip-172-31-14-43 systemd[1]: Mounted sys-kernel-tracing.mount - Kernel Trace File System.
Dec 16 10:48:47 ip-172-31-14-43 systemd[1]: Mounted tmp.mount - Temporary Directory /tmp.
Dec 16 10:48:47 ip-172-31-14-43 systemd[1]: Finished kmod-static-nodes.service - Create List of Static Device Nodes.
Dec 16 10:48:47 ip-172-31-14-43 systemd[1]: modprobe@configfs.service: Deactivated successfully.
Dec 16 10:48:47 ip-172-31-14-43 systemd[1]: Finished modprobe@configfs.service - Load Kernel Module configfs.
Dec 16 10:48:47 ip-172-31-14-43 systemd[1]: modprobe@dm_mod.service: Deactivated successfully.
Dec 16 10:48:47 ip-172-31-14-43 systemd[1]: Finished modprobe@dm_mod.service - Load Kernel Module dm_mod.
Dec 16 10:48:47 ip-172-31-14-43 systemd-journald[1047]: Journal started
Dec 16 10:48:47 ip-172-31-14-43 systemd-journald[1047]: Runtime Journal (/run/log/journal/ec2bbccf59329371259b4b540c84625c) is 4.8M, max 39.1M, 34.2M free.
Dec 16 10:48:47 ip-172-31-14-43 audit: MAC_POLICY_LOAD auid=4294967295 ses=4294967295 lsm=selinux res=1
Dec 16 10:48:47 ip-172-31-14-43 audit: BPF prog-id=8 op=LOAD
Dec 16 10:48:47 ip-172-31-14-43 audit: BPF prog-id=8 op=UNLOAD
Dec 16 10:48:47 ip-172-31-14-43 audit: BPF prog-id=9 op=LOAD
Dec 16 10:48:47 ip-172-31-14-43 audit: BPF prog-id=9 op=UNLOAD
Dec 16 10:48:47 ip-172-31-14-43 audit: BPF prog-id=10 op=LOAD
Dec 16 10:48:47 ip-172-31-14-43 audit: BPF prog-id=3 op=UNLOAD
Dec 16 10:48:47 ip-172-31-14-43 audit: BPF prog-id=11 op=LOAD
Dec 16 10:48:47 ip-172-31-14-43 audit: BPF prog-id=12 op=LOAD
Dec 16 10:48:47 ip-172-31-14-43 audit: BPF prog-id=4 op=UNLOAD
Dec 16 10:48:47 ip-172-31-14-43 audit: BPF prog-id=5 op=UNLOAD
Dec 16 10:48:47 ip-172-31-14-43 audit[1]: SERVICE_STOP pid=1 uid=0 auid=4294967295 ses=4294967295 subj=system_u:system_r:init_t:s0 msg='unit=systemd-journald comm="systemd" exe="/usr/lib/systemd/systemd" hostname=? addr=? terminal=? res=success'
Dec 16 10:48:47 ip-172-31-14-43 audit[1]: SERVICE_START pid=1 uid=0 auid=4294967295 ses=4294967295 subj=system_u:system_r:init_t:s0 msg='unit=initrd-switch-root comm="systemd" exe="/usr/lib/systemd/systemd" hostname=? addr=? terminal=? res=success'
Dec 16 10:48:47 ip-172-31-14-43 audit[1]: SERVICE_STOP pid=1 uid=0 auid=4294967295 ses=4294967295 subj=system_u:system_r:init_t:s0 msg='unit=initrd-switch-root comm="systemd" exe="/usr/lib/systemd/systemd" hostname=? addr=? terminal=? res=success'
Dec 16 10:48:47 ip-172-31-14-43 audit: BPF prog-id=10 op=UNLOAD
Dec 16 10:48:47 ip-172-31-14-43 audit[1]: SERVICE_START pid=1 uid=0 auid=4294967295 ses=4294967295 subj=system_u:system_r:init_t:s0 msg='unit=systemd-journald comm="systemd" exe="/usr/lib/systemd/systemd" hostname=? addr=? terminal=? res=success'
Dec 16 10:48:47 ip-172-31-14-43 audit[1]: SERVICE_STOP pid=1 uid=0 auid=4294967295 ses=4294967295 subj=system_u:system_r:init_t:s0 msg='unit=systemd-journald comm="systemd" exe="/usr/lib/systemd/systemd" hostname=? addr=? terminal=? res=success'
Dec 16 10:48:47 ip-172-31-14-43 audit: BPF prog-id=13 op=LOAD
Dec 16 10:48:47 ip-172-31-14-43 audit: BPF prog-id=14 op=LOAD
Dec 16 10:48:47 ip-172-31-14-43 audit: BPF prog-id=15 op=LOAD
Dec 16 10:48:47 ip-172-31-14-43 audit: BPF prog-id=11 op=UNLOAD
Dec 16 10:48:47 ip-172-31-14-43 audit: BPF prog-id=12 op=UNLOAD
Dec 16 10:48:47 ip-172-31-14-43 audit[1]: SERVICE_START pid=1 uid=0 auid=4294967295 ses=4294967295 subj=system_u:system_r:init_t:s0 msg='unit=kmod-static-nodes comm="systemd" exe="/usr/lib/systemd/systemd" hostname=? addr=? terminal=? res=success'
Dec 16 10:48:47 ip-172-31-14-43 audit[1]: SERVICE_START pid=1 uid=0 auid=4294967295 ses=4294967295 subj=system_u:system_r:init_t:s0 msg='unit=modprobe@configfs comm="systemd" exe="/usr/lib/systemd/systemd" hostname=? addr=? terminal=? res=success'
Dec 16 10:48:47 ip-172-31-14-43 audit[1]: SERVICE_STOP pid=1 uid=0 auid=4294967295 ses=4294967295 subj=system_u:system_r:init_t:s0 msg='unit=modprobe@configfs comm="systemd" exe="/usr/lib/systemd/systemd" hostname=? addr=? terminal=? res=success'
Dec 16 10:48:47 ip-172-31-14-43 audit[1]: SERVICE_START pid=1 uid=0 auid=4294967295 ses=4294967295 subj=system_u:system_r:init_t:s0 msg='unit=modprobe@dm_mod comm="systemd" exe="/usr/lib/systemd/systemd" hostname=? addr=? terminal=? res=success'
Dec 16 10:48:47 ip-172-31-14-43 audit: CONFIG_CHANGE op=set audit_enabled=1 old=1 auid=4294967295 ses=4294967295 subj=system_u:system_r:syslogd_t:s0 res=1
Dec 16 10:48:47 ip-172-31-14-43 audit[1047]: SYSCALL arch=c000003e syscall=46 success=yes exit=60 a0=6 a1=7fff7870ba00 a2=4000 a3=7fff7870ba8c items=0 ppid=1 pid=1047 auid=4294967295 uid=0 gid=0 euid=0 suid=0 fsuid=0 egid=0 sgid=0 fsgid=0 tty=(none) ses=4294967295 comm="systemd-journal" exe="/usr/lib/systemd/systemd-journald" subj=system_u:system_r:syslogd_t:s0 key=(null)
Dec 16 10:48:47 ip-172-31-14-43 audit: PROCTITLE proctitle="/usr/lib/systemd/systemd-journald"
Dec 16 10:48:47 ip-172-31-14-43 systemd[1]: Queued start job for default target graphical.target.
Dec 16 10:48:47 ip-172-31-14-43 systemd[1]: systemd-journald.service: Deactivated successfully.
Dec 16 10:48:47 ip-172-31-14-43 systemd-fsck[1074]: /usr/sbin/fsck.xfs: XFS file system.
Dec 16 10:48:47 ip-172-31-14-43 audit[1]: SERVICE_STOP pid=1 uid=0 auid=4294967295 ses=4294967295 subj=system_u:system_r:init_t:s0 msg='unit=modprobe@dm_mod comm="systemd" exe="/usr/lib/systemd/systemd" hostname=? addr=? terminal=? res=success'
Dec 16 10:48:47 ip-172-31-14-43 audit[1]: SERVICE_START pid=1 uid=0 auid=4294967295 ses=4294967295 subj=system_u:system_r:init_t:s0 msg='unit=systemd-journald comm="systemd" exe="/usr/lib/systemd/systemd" hostname=? addr=? terminal=? res=success'
Dec 16 10:48:47 ip-172-31-14-43 systemd[1]: modprobe@drm.service: Deactivated successfully.
Dec 16 10:48:47 ip-172-31-14-43 audit[1]: SERVICE_START pid=1 uid=0 auid=4294967295 ses=4294967295 subj=system_u:system_r:init_t:s0 msg='unit=modprobe@drm comm="systemd" exe="/usr/lib/systemd/systemd" hostname=? addr=? terminal=? res=success'
Dec 16 10:48:47 ip-172-31-14-43 systemd[1]: Finished modprobe@drm.service - Load Kernel Module drm.
Dec 16 10:48:47 ip-172-31-14-43 audit[1]: SERVICE_STOP pid=1 uid=0 auid=4294967295 ses=4294967295 subj=system_u:system_r:init_t:s0 msg='unit=modprobe@drm comm="systemd" exe="/usr/lib/systemd/systemd" hostname=? addr=? terminal=? res=success'
Dec 16 10:48:47 ip-172-31-14-43 systemd[1]: modprobe@efi_pstore.service: Deactivated successfully.
Dec 16 10:48:47 ip-172-31-14-43 audit[1]: SERVICE_START pid=1 uid=0 auid=4294967295 ses=4294967295 subj=system_u:system_r:init_t:s0 msg='unit=modprobe@efi_pstore comm="systemd" exe="/usr/lib/systemd/systemd" hostname=? addr=? terminal=? res=success'
Dec 16 10:48:47 ip-172-31-14-43 systemd[1]: Finished modprobe@efi_pstore.service - Load Kernel Module efi_pstore.
Dec 16 10:48:47 ip-172-31-14-43 audit[1]: SERVICE_STOP pid=1 uid=0 auid=4294967295 ses=4294967295 subj=system_u:system_r:init_t:s0 msg='unit=modprobe@efi_pstore comm="systemd" exe="/usr/lib/systemd/systemd" hostname=? addr=? terminal=? res=success'
Dec 16 10:48:47 ip-172-31-14-43 systemd[1]: modprobe@fuse.service: Deactivated successfully.
Dec 16 10:48:47 ip-172-31-14-43 systemd[1]: Finished modprobe@fuse.service - Load Kernel Module fuse.
Dec 16 10:48:47 ip-172-31-14-43 audit[1]: SERVICE_START pid=1 uid=0 auid=4294967295 ses=4294967295 subj=system_u:system_r:init_t:s0 msg='unit=modprobe@fuse comm="systemd" exe="/usr/lib/systemd/systemd" hostname=? addr=? terminal=? res=success'
Dec 16 10:48:47 ip-172-31-14-43 audit[1]: SERVICE_STOP pid=1 uid=0 auid=4294967295 ses=4294967295 subj=system_u:system_r:init_t:s0 msg='unit=modprobe@fuse comm="systemd" exe="/usr/lib/systemd/systemd" hostname=? addr=? terminal=? res=success'
Dec 16 10:48:47 ip-172-31-14-43 systemd[1]: modprobe@loop.service: Deactivated successfully.
Dec 16 10:48:47 ip-172-31-14-43 systemd[1]: Finished modprobe@loop.service - Load Kernel Module loop.
Dec 16 10:48:47 ip-172-31-14-43 audit[1]: SERVICE_START pid=1 uid=0 auid=4294967295 ses=4294967295 subj=system_u:system_r:init_t:s0 msg='unit=modprobe@loop comm="systemd" exe="/usr/lib/systemd/systemd" hostname=? addr=? terminal=? res=success'
Dec 16 10:48:47 ip-172-31-14-43 audit[1]: SERVICE_STOP pid=1 uid=0 auid=4294967295 ses=4294967295 subj=system_u:system_r:init_t:s0 msg='unit=modprobe@loop comm="systemd" exe="/usr/lib/systemd/systemd" hostname=? addr=? terminal=? res=success'
Dec 16 10:48:47 ip-172-31-14-43 systemd[1]: nfs-convert.service: Deactivated successfully.
Dec 16 10:48:47 ip-172-31-14-43 systemd[1]: Finished nfs-convert.service - Preprocess NFS configuration convertion.
Dec 16 10:48:47 ip-172-31-14-43 audit[1]: SERVICE_START pid=1 uid=0 auid=4294967295 ses=4294967295 subj=system_u:system_r:init_t:s0 msg='unit=nfs-convert comm="systemd" exe="/usr/lib/systemd/systemd" hostname=? addr=? terminal=? res=success'
Dec 16 10:48:47 ip-172-31-14-43 audit[1]: SERVICE_STOP pid=1 uid=0 auid=4294967295 ses=4294967295 subj=system_u:system_r:init_t:s0 msg='unit=nfs-convert comm="systemd" exe="/usr/lib/systemd/systemd" hostname=? addr=? terminal=? res=success'
Dec 16 10:48:47 ip-172-31-14-43 systemd[1]: Finished systemd-fsck-root.service - File System Check on Root Device.
Dec 16 10:48:47 ip-172-31-14-43 audit[1]: SERVICE_START pid=1 uid=0 auid=4294967295 ses=4294967295 subj=system_u:system_r:init_t:s0 msg='unit=systemd-fsck-root comm="systemd" exe="/usr/lib/systemd/systemd" hostname=? addr=? terminal=? res=success'
Dec 16 10:48:47 ip-172-31-14-43 systemd[1]: Finished systemd-network-generator.service - Generate network units from Kernel command line.
Dec 16 10:48:47 ip-172-31-14-43 audit[1]: SERVICE_START pid=1 uid=0 auid=4294967295 ses=4294967295 subj=system_u:system_r:init_t:s0 msg='unit=systemd-network-generator comm="systemd" exe="/usr/lib/systemd/systemd" hostname=? addr=? terminal=? res=success'
Dec 16 10:48:47 ip-172-31-14-43 systemd[1]: Finished systemd-sysctl.service - Apply Kernel Variables.
Dec 16 10:48:47 ip-172-31-14-43 audit[1]: SERVICE_START pid=1 uid=0 auid=4294967295 ses=4294967295 subj=system_u:system_r:init_t:s0 msg='unit=systemd-sysctl comm="systemd" exe="/usr/lib/systemd/systemd" hostname=? addr=? terminal=? res=success'
Dec 16 10:48:47 ip-172-31-14-43 systemd[1]: Started systemd-journald.service - Journal Service.
Dec 16 10:48:47 ip-172-31-14-43 systemd[1]: Mounting sys-fs-fuse-connections.mount - FUSE Control File System...
Dec 16 10:48:47 ip-172-31-14-43 systemd[1]: Mounting sys-kernel-config.mount - Kernel Configuration File System...
Dec 16 10:48:47 ip-172-31-14-43 systemd[1]: Starting systemd-remount-fs.service - Remount Root and Kernel File Systems...
Dec 16 10:48:47 ip-172-31-14-43 systemd[1]: systemd-repart.service - Repartition Root Disk was skipped because no trigger condition checks were met.
Dec 16 10:48:47 ip-172-31-14-43 systemd[1]: Mounted sys-kernel-config.mount - Kernel Configuration File System.
Dec 16 10:48:47 ip-172-31-14-43 systemd[1]: Mounted sys-fs-fuse-connections.mount - FUSE Control File System.
Dec 16 10:48:47 ip-172-31-14-43 audit[1]: SERVICE_START pid=1 uid=0 auid=4294967295 ses=4294967295 subj=system_u:system_r:init_t:s0 msg='unit=systemd-remount-fs comm="systemd" exe="/usr/lib/systemd/systemd" hostname=? addr=? terminal=? res=success'
Dec 16 10:48:47 ip-172-31-14-43 systemd[1]: Finished systemd-remount-fs.service - Remount Root and Kernel File Systems.
Dec 16 10:48:47 ip-172-31-14-43 systemd[1]: systemd-firstboot.service - First Boot Wizard was skipped because of an unmet condition check (ConditionFirstBoot=yes).
Dec 16 10:48:47 ip-172-31-14-43 systemd[1]: systemd-hwdb-update.service - Rebuild Hardware Database was skipped because of an unmet condition check (ConditionNeedsUpdate=/etc).
Dec 16 10:48:47 ip-172-31-14-43 systemd[1]: Starting systemd-journal-flush.service - Flush Journal to Persistent Storage...
Dec 16 10:48:47 ip-172-31-14-43 systemd[1]: systemd-pstore.service - Platform Persistent Storage Archival was skipped because of an unmet condition check (ConditionDirectoryNotEmpty=/sys/fs/pstore).
Dec 16 10:48:47 ip-172-31-14-43 systemd[1]: Starting systemd-random-seed.service - Load/Save Random Seed...
Dec 16 10:48:47 ip-172-31-14-43 systemd[1]: systemd-sysusers.service - Create System Users was skipped because no trigger condition checks were met.
Dec 16 10:48:47 ip-172-31-14-43 systemd[1]: Starting systemd-tmpfiles-setup-dev.service - Create Static Device Nodes in /dev...
Dec 16 10:48:47 ip-172-31-14-43 systemd-journald[1047]: Runtime Journal (/run/log/journal/ec2bbccf59329371259b4b540c84625c) is 4.8M, max 39.1M, 34.2M free.
Dec 16 10:48:47 ip-172-31-14-43 systemd-journald[1047]: Received client request to flush runtime journal.
Dec 16 10:48:47 ip-172-31-14-43 audit[1]: SERVICE_START pid=1 uid=0 auid=4294967295 ses=4294967295 subj=system_u:system_r:init_t:s0 msg='unit=systemd-journal-flush comm="systemd" exe="/usr/lib/systemd/systemd" hostname=? addr=? terminal=? res=success'
Dec 16 10:48:47 ip-172-31-14-43 systemd[1]: Finished systemd-journal-flush.service - Flush Journal to Persistent Storage.
Dec 16 10:48:47 ip-172-31-14-43 audit[1]: SERVICE_START pid=1 uid=0 auid=4294967295 ses=4294967295 subj=system_u:system_r:init_t:s0 msg='unit=systemd-random-seed comm="systemd" exe="/usr/lib/systemd/systemd" hostname=? addr=? terminal=? res=success'
Dec 16 10:48:47 ip-172-31-14-43 systemd[1]: Finished systemd-random-seed.service - Load/Save Random Seed.
Dec 16 10:48:47 ip-172-31-14-43 systemd[1]: first-boot-complete.target - First Boot Complete was skipped because of an unmet condition check (ConditionFirstBoot=yes).
Dec 16 10:48:47 ip-172-31-14-43 systemd[1]: Finished systemd-tmpfiles-setup-dev.service - Create Static Device Nodes in /dev.
Dec 16 10:48:47 ip-172-31-14-43 systemd[1]: Reached target local-fs-pre.target - Preparation for Local File Systems.
Dec 16 10:48:47 ip-172-31-14-43 systemd[1]: Set up automount boot-efi.automount.
Dec 16 10:48:47 ip-172-31-14-43 systemd[1]: Reached target local-fs.target - Local File Systems.
Dec 16 10:48:47 ip-172-31-14-43 audit[1]: SERVICE_START pid=1 uid=0 auid=4294967295 ses=4294967295 subj=system_u:system_r:init_t:s0 msg='unit=systemd-tmpfiles-setup-dev comm="systemd" exe="/usr/lib/systemd/systemd" hostname=? addr=? terminal=? res=success'
Dec 16 10:48:47 ip-172-31-14-43 audit: BPF prog-id=16 op=LOAD
Dec 16 10:48:47 ip-172-31-14-43 systemd[1]: Starting dracut-shutdown.service - Restore /run/initramfs on shutdown...
Dec 16 10:48:47 ip-172-31-14-43 systemd[1]: import-state.service - Import network configuration from initramfs was skipped because of an unmet condition check (ConditionDirectoryNotEmpty=/run/initramfs/state).
Dec 16 10:48:47 ip-172-31-14-43 systemd[1]: ldconfig.service - Rebuild Dynamic Linker Cache was skipped because no trigger condition checks were met.
Dec 16 10:48:47 ip-172-31-14-43 systemd[1]: selinux-autorelabel-mark.service - Mark the need to relabel after reboot was skipped because of an unmet condition check (ConditionSecurity=!selinux).
Dec 16 10:48:47 ip-172-31-14-43 systemd[1]: systemd-binfmt.service - Set Up Additional Binary Formats was skipped because no trigger condition checks were met.
Dec 16 10:48:47 ip-172-31-14-43 systemd[1]: systemd-boot-system-token.service - Store a System Token in an EFI Variable was skipped because of an unmet condition check (ConditionPathExists=/sys/firmware/efi/efivars/LoaderFeatures-4a67b082-0a4c-41cf-b6c7-440b29bb8c4f).
Dec 16 10:48:47 ip-172-31-14-43 systemd[1]: Starting systemd-boot-update.service - Automatic Boot Loader Update...
Dec 16 10:48:47 ip-172-31-14-43 systemd[1]: systemd-machine-id-commit.service - Commit a transient machine-id on disk was skipped because of an unmet condition check (ConditionPathIsMountPoint=/etc/machine-id).
Dec 16 10:48:47 ip-172-31-14-43 systemd[1]: Starting systemd-tmpfiles-setup.service - Create Volatile Files and Directories...
Dec 16 10:48:47 ip-172-31-14-43 audit: BPF prog-id=17 op=LOAD
Dec 16 10:48:47 ip-172-31-14-43 audit: BPF prog-id=6 op=UNLOAD
Dec 16 10:48:47 ip-172-31-14-43 audit: BPF prog-id=7 op=UNLOAD
Dec 16 10:48:47 ip-172-31-14-43 systemd[1]: Starting systemd-udevd.service - Rule-based Manager for Device Events and Files...
Dec 16 10:48:47 ip-172-31-14-43 systemd[1]: Finished systemd-udev-trigger.service - Coldplug All udev Devices.
Dec 16 10:48:47 ip-172-31-14-43 audit[1]: SERVICE_START pid=1 uid=0 auid=4294967295 ses=4294967295 subj=system_u:system_r:init_t:s0 msg='unit=systemd-udev-trigger comm="systemd" exe="/usr/lib/systemd/systemd" hostname=? addr=? terminal=? res=success'
Dec 16 10:48:47 ip-172-31-14-43 systemd[1]: Finished dracut-shutdown.service - Restore /run/initramfs on shutdown.
Dec 16 10:48:47 ip-172-31-14-43 audit[1]: SERVICE_START pid=1 uid=0 auid=4294967295 ses=4294967295 subj=system_u:system_r:init_t:s0 msg='unit=dracut-shutdown comm="systemd" exe="/usr/lib/systemd/systemd" hostname=? addr=? terminal=? res=success'
Dec 16 10:48:47 ip-172-31-14-43 systemd[1]: boot-efi.automount: Got automount request for /boot/efi, triggered by 1717 (bootctl)
Dec 16 10:48:47 ip-172-31-14-43 systemd[1]: Created slice system-systemd\x2dfsck.slice - Slice /system/systemd-fsck.
Dec 16 10:48:47 ip-172-31-14-43 systemd-udevd[1720]: Using default interface naming scheme 'v252'.
Dec 16 10:48:47 ip-172-31-14-43 audit[1]: SERVICE_START pid=1 uid=0 auid=4294967295 ses=4294967295 subj=system_u:system_r:init_t:s0 msg='unit=systemd-tmpfiles-setup comm="systemd" exe="/usr/lib/systemd/systemd" hostname=? addr=? terminal=? res=success'
Dec 16 10:48:47 ip-172-31-14-43 systemd[1]: Finished systemd-tmpfiles-setup.service - Create Volatile Files and Directories.
Dec 16 10:48:47 ip-172-31-14-43 systemd[1]: Mounting var-lib-nfs-rpc_pipefs.mount - RPC Pipe File System...
Dec 16 10:48:47 ip-172-31-14-43 systemd[1]: Starting auditd.service - Security Auditing Service...
Dec 16 10:48:47 ip-172-31-14-43 systemd[1]: systemd-journal-catalog-update.service - Rebuild Journal Catalog was skipped because of an unmet condition check (ConditionNeedsUpdate=/var).
Dec 16 10:48:47 ip-172-31-14-43 audit: BPF prog-id=18 op=LOAD
Dec 16 10:48:47 ip-172-31-14-43 systemd[1]: Starting systemd-resolved.service - Network Name Resolution...
Dec 16 10:48:47 ip-172-31-14-43 systemd[1]: Started systemd-udevd.service - Rule-based Manager for Device Events and Files.
Dec 16 10:48:47 ip-172-31-14-43 audit[1]: SERVICE_START pid=1 uid=0 auid=4294967295 ses=4294967295 subj=system_u:system_r:init_t:s0 msg='unit=systemd-udevd comm="systemd" exe="/usr/lib/systemd/systemd" hostname=? addr=? terminal=? res=success'
Dec 16 10:48:47 ip-172-31-14-43 audit[1744]: AVC avc:  denied  { setattr } for  pid=1744 comm="auditd" name="audit" dev="xvda1" ino=1970141 scontext=system_u:system_r:auditd_t:s0 tcontext=unconfined_u:object_r:var_log_t:s0 tclass=dir permissive=1
Dec 16 10:48:47 ip-172-31-14-43 audit[1744]: SYSCALL arch=c000003e syscall=90 success=yes exit=0 a0=55d082d52990 a1=1c0 a2=55d082d5299e a3=1a4 items=0 ppid=1730 pid=1744 auid=4294967295 uid=0 gid=0 euid=0 suid=0 fsuid=0 egid=0 sgid=0 fsgid=0 tty=(none) ses=4294967295 comm="auditd" exe="/usr/sbin/auditd" subj=system_u:system_r:auditd_t:s0 key=(null)
Dec 16 10:48:47 ip-172-31-14-43 audit: PROCTITLE proctitle="/sbin/auditd"
Dec 16 10:48:47 ip-172-31-14-43 audit[1744]: AVC avc:  denied  { create } for  pid=1744 comm="auditd" name="audit.log" scontext=system_u:system_r:auditd_t:s0 tcontext=system_u:object_r:var_log_t:s0 tclass=file permissive=1
Dec 16 10:48:47 ip-172-31-14-43 audit[1744]: AVC avc:  denied  { read open } for  pid=1744 comm="auditd" path="/var/log/audit/audit.log" dev="xvda1" ino=1970144 scontext=system_u:system_r:auditd_t:s0 tcontext=system_u:object_r:var_log_t:s0 tclass=file permissive=1
Dec 16 10:48:47 ip-172-31-14-43 audit[1744]: SYSCALL arch=c000003e syscall=257 success=yes exit=6 a0=ffffff9c a1=55d082d52900 a2=4c0 a3=1a0 items=4 ppid=1730 pid=1744 auid=4294967295 uid=0 gid=0 euid=0 suid=0 fsuid=0 egid=0 sgid=0 fsgid=0 tty=(none) ses=4294967295 comm="auditd" exe="/usr/sbin/auditd" subj=system_u:system_r:auditd_t:s0 key=(null)
Dec 16 10:48:47 ip-172-31-14-43 audit: CWD cwd="/"
Dec 16 10:48:47 ip-172-31-14-43 audit: PATH item=0 name=(null) inode=1970141 dev=ca:01 mode=040700 ouid=0 ogid=0 rdev=00:00 obj=unconfined_u:object_r:var_log_t:s0 nametype=PARENT cap_fp=0 cap_fi=0 cap_fe=0 cap_fver=0 cap_frootid=0
Dec 16 10:48:47 ip-172-31-14-43 audit: PATH item=1 name=(null) nametype=CREATE cap_fp=0 cap_fi=0 cap_fe=0 cap_fver=0 cap_frootid=0
Dec 16 10:48:47 ip-172-31-14-43 audit: PATH item=2 name=(null) inode=1970141 dev=ca:01 mode=040700 ouid=0 ogid=0 rdev=00:00 obj=unconfined_u:object_r:var_log_t:s0 nametype=PARENT cap_fp=0 cap_fi=0 cap_fe=0 cap_fver=0 cap_frootid=0
Dec 16 10:48:47 ip-172-31-14-43 audit: PATH item=3 name=(null) inode=1970144 dev=ca:01 mode=0100640 ouid=0 ogid=0 rdev=00:00 obj=system_u:object_r:var_log_t:s0 nametype=CREATE cap_fp=0 cap_fi=0 cap_fe=0 cap_fver=0 cap_frootid=0
Dec 16 10:48:47 ip-172-31-14-43 audit: PROCTITLE proctitle="/sbin/auditd"
Dec 16 10:48:47 ip-172-31-14-43 audit[1744]: AVC avc:  denied  { setattr } for  pid=1744 comm="auditd" name="audit.log" dev="xvda1" ino=1970144 scontext=system_u:system_r:auditd_t:s0 tcontext=system_u:object_r:var_log_t:s0 tclass=file permissive=1
Dec 16 10:48:47 ip-172-31-14-43 audit[1744]: SYSCALL arch=c000003e syscall=91 success=yes exit=0 a0=6 a1=180 a2=0 a3=0 items=0 ppid=1730 pid=1744 auid=4294967295 uid=0 gid=0 euid=0 suid=0 fsuid=0 egid=0 sgid=0 fsgid=0 tty=(none) ses=4294967295 comm="auditd" exe="/usr/sbin/auditd" subj=system_u:system_r:auditd_t:s0 key=(null)
Dec 16 10:48:47 ip-172-31-14-43 audit: PROCTITLE proctitle="/sbin/auditd"
Dec 16 10:48:47 ip-172-31-14-43 auditd[1744]: No plugins found, not dispatching events
Dec 16 10:48:47 ip-172-31-14-43 audit: CONFIG_CHANGE op=set audit_enabled=1 old=1 auid=4294967295 ses=4294967295 subj=system_u:system_r:auditd_t:s0 res=1
Dec 16 10:48:47 ip-172-31-14-43 audit[1744]: SYSCALL arch=c000003e syscall=44 success=yes exit=60 a0=3 a1=7ffee1752d30 a2=3c a3=0 items=0 ppid=1730 pid=1744 auid=4294967295 uid=0 gid=0 euid=0 suid=0 fsuid=0 egid=0 sgid=0 fsgid=0 tty=(none) ses=4294967295 comm="auditd" exe="/usr/sbin/auditd" subj=system_u:system_r:auditd_t:s0 key=(null)
Dec 16 10:48:47 ip-172-31-14-43 audit: PROCTITLE proctitle="/sbin/auditd"
Dec 16 10:48:47 ip-172-31-14-43 audit: CONFIG_CHANGE op=set audit_pid=1744 old=0 auid=4294967295 ses=4294967295 subj=system_u:system_r:auditd_t:s0 res=1
Dec 16 10:48:47 ip-172-31-14-43 audit[1744]: SYSCALL arch=c000003e syscall=44 success=yes exit=60 a0=3 a1=7ffee17509e0 a2=3c a3=0 items=0 ppid=1730 pid=1744 auid=4294967295 uid=0 gid=0 euid=0 suid=0 fsuid=0 egid=0 sgid=0 fsgid=0 tty=(none) ses=4294967295 comm="auditd" exe="/usr/sbin/auditd" subj=system_u:system_r:auditd_t:s0 key=(null)
Dec 16 10:48:47 ip-172-31-14-43 audit: PROCTITLE proctitle="/sbin/auditd"
Dec 16 10:48:47 ip-172-31-14-43 auditd[1744]: Init complete, auditd 3.0.6 listening for events (startup state enable)
Dec 16 10:48:47 ip-172-31-14-43 kernel: RPC: Registered named UNIX socket transport module.
Dec 16 10:48:47 ip-172-31-14-43 kernel: RPC: Registered udp transport module.
Dec 16 10:48:47 ip-172-31-14-43 kernel: RPC: Registered tcp transport module.
Dec 16 10:48:47 ip-172-31-14-43 kernel: RPC: Registered tcp NFSv4.1 backchannel transport module.
Dec 16 10:48:47 ip-172-31-14-43 systemd-resolved[1732]: Positive Trust Anchors:
Dec 16 10:48:47 ip-172-31-14-43 systemd-resolved[1732]: . IN DS 20326 8 2 e06d44b80b8f1d39a95c0b0d7c65d08458e880409bbc683457104237c7f8ec8d
Dec 16 10:48:47 ip-172-31-14-43 systemd-resolved[1732]: Negative trust anchors: home.arpa 10.in-addr.arpa 16.172.in-addr.arpa 17.172.in-addr.arpa 18.172.in-addr.arpa 19.172.in-addr.arpa 20.172.in-addr.arpa 21.172.in-addr.arpa 22.172.in-addr.arpa 23.172.in-addr.arpa 24.172.in-addr.arpa 25.172.in-addr.arpa 26.172.in-addr.arpa 27.172.in-addr.arpa 28.172.in-addr.arpa 29.172.in-addr.arpa 30.172.in-addr.arpa 31.172.in-addr.arpa 168.192.in-addr.arpa d.f.ip6.arpa corp home internal intranet lan local private test
Dec 16 10:48:47 ip-172-31-14-43 systemd[1]: Mounted var-lib-nfs-rpc_pipefs.mount - RPC Pipe File System.
Dec 16 10:48:47 ip-172-31-14-43 systemd[1]: Reached target rpc_pipefs.target.
Dec 16 10:48:47 ip-172-31-14-43 augenrules[1748]: /sbin/augenrules: No change
Dec 16 10:48:48 ip-172-31-14-43 audit: CONFIG_CHANGE auid=4294967295 ses=4294967295 subj=system_u:system_r:unconfined_service_t:s0 op=add_rule key=(null) list=1 res=1
Dec 16 10:48:48 ip-172-31-14-43 audit[1764]: SYSCALL arch=c000003e syscall=44 success=yes exit=1056 a0=3 a1=7ffd502faf70 a2=420 a3=0 items=0 ppid=1748 pid=1764 auid=4294967295 uid=0 gid=0 euid=0 suid=0 fsuid=0 egid=0 sgid=0 fsgid=0 tty=(none) ses=4294967295 comm="auditctl" exe="/usr/sbin/auditctl" subj=system_u:system_r:unconfined_service_t:s0 key=(null)
Dec 16 10:48:48 ip-172-31-14-43 audit: PROCTITLE proctitle=2F7362696E2F617564697463746C002D52002F6574632F61756469742F61756469742E72756C6573
Dec 16 10:48:48 ip-172-31-14-43 augenrules[1764]: No rules
Dec 16 10:48:48 ip-172-31-14-43 audit[1]: SERVICE_START pid=1 uid=0 auid=4294967295 ses=4294967295 subj=system_u:system_r:init_t:s0 msg='unit=auditd comm="systemd" exe="/usr/lib/systemd/systemd" hostname=? addr=? terminal=? res=success'
Dec 16 10:48:48 ip-172-31-14-43 systemd[1]: Started auditd.service - Security Auditing Service.
Dec 16 10:48:48 ip-172-31-14-43 systemd[1]: Starting systemd-update-utmp.service - Record System Boot/Shutdown in UTMP...
Dec 16 10:48:48 ip-172-31-14-43 audit[1768]: SYSTEM_BOOT pid=1768 uid=0 auid=4294967295 ses=4294967295 subj=system_u:system_r:init_t:s0 msg=' comm="systemd-update-utmp" exe="/usr/lib/systemd/systemd-update-utmp" hostname=? addr=? terminal=? res=success'
Dec 16 10:48:48 ip-172-31-14-43 systemd[1]: Finished systemd-update-utmp.service - Record System Boot/Shutdown in UTMP.
Dec 16 10:48:48 ip-172-31-14-43 audit[1]: SERVICE_START pid=1 uid=0 auid=4294967295 ses=4294967295 subj=system_u:system_r:init_t:s0 msg='unit=systemd-update-utmp comm="systemd" exe="/usr/lib/systemd/systemd" hostname=? addr=? terminal=? res=success'
Dec 16 10:48:48 ip-172-31-14-43 systemd-resolved[1732]: Using system hostname 'ip-172-31-14-43.eu-central-1.compute.internal'.
Dec 16 10:48:48 ip-172-31-14-43 audit[1]: SERVICE_START pid=1 uid=0 auid=4294967295 ses=4294967295 subj=system_u:system_r:init_t:s0 msg='unit=systemd-resolved comm="systemd" exe="/usr/lib/systemd/systemd" hostname=? addr=? terminal=? res=success'
Dec 16 10:48:48 ip-172-31-14-43 systemd[1]: Started systemd-resolved.service - Network Name Resolution.
Dec 16 10:48:48 ip-172-31-14-43 systemd[1]: Reached target nss-lookup.target - Host and Network Name Lookups.
Dec 16 10:48:48 ip-172-31-14-43 systemd[1]: Condition check resulted in dev-ttyS0.device - /dev/ttyS0 being skipped.
Dec 16 10:48:48 ip-172-31-14-43 kernel: vif vif-0 enX0: renamed from eth0
Dec 16 10:48:48 ip-172-31-14-43 kernel: input: Power Button as /devices/LNXSYSTM:00/LNXPWRBN:00/input/input0
Dec 16 10:48:48 ip-172-31-14-43 systemd[1]: Condition check resulted in dev-disk-by\x2duuid-A208\x2dE305.device - /dev/disk/by-uuid/A208-E305 being skipped.
Dec 16 10:48:48 ip-172-31-14-43 kernel: i8042: PNP: PS/2 Controller [PNP0303:PS2K,PNP0f13:PS2M] at 0x60,0x64 irq 1,12
Dec 16 10:48:48 ip-172-31-14-43 kernel: serio: i8042 KBD port at 0x60,0x64 irq 1
Dec 16 10:48:48 ip-172-31-14-43 kernel: serio: i8042 AUX port at 0x60,0x64 irq 12
Dec 16 10:48:48 ip-172-31-14-43 systemd[1]: Starting systemd-fsck@dev-disk-by\x2duuid-A208\x2dE305.service - File System Check on /dev/disk/by-uuid/A208-E305...
Dec 16 10:48:48 ip-172-31-14-43 systemd-fsck[1807]: fsck.fat 4.2 (2021-01-31)
Dec 16 10:48:48 ip-172-31-14-43 systemd-fsck[1807]: /dev/xvda128: 5 files, 653/5101 clusters
Dec 16 10:48:48 ip-172-31-14-43 audit[1]: SERVICE_START pid=1 uid=0 auid=4294967295 ses=4294967295 subj=system_u:system_r:init_t:s0 msg='unit=systemd-fsck@dev-disk-by\x2duuid-A208\x2dE305 comm="systemd" exe="/usr/lib/systemd/systemd" hostname=? addr=? terminal=? res=success'
Dec 16 10:48:48 ip-172-31-14-43 systemd[1]: Finished systemd-fsck@dev-disk-by\x2duuid-A208\x2dE305.service - File System Check on /dev/disk/by-uuid/A208-E305.
Dec 16 10:48:48 ip-172-31-14-43 kernel: ACPI: button: Power Button [PWRF]
Dec 16 10:48:48 ip-172-31-14-43 kernel: input: Sleep Button as /devices/LNXSYSTM:00/LNXSLPBN:00/input/input1
Dec 16 10:48:48 ip-172-31-14-43 systemd[1]: Reloading.
Dec 16 10:48:48 ip-172-31-14-43 kernel: cryptd: max_cpu_qlen set to 1000
Dec 16 10:48:48 ip-172-31-14-43 kernel: ACPI: button: Sleep Button [SLPF]
Dec 16 10:48:48 ip-172-31-14-43 systemd-sysv-generator[1842]: SysV service '/etc/rc.d/init.d/cfn-hup' lacks a native systemd unit file. Automatically generating a unit file for compatibility. Please update package to include a native systemd unit file, in order to make it more safe and robust.
Dec 16 10:48:48 ip-172-31-14-43 kernel: SCSI subsystem initialized
Dec 16 10:48:48 ip-172-31-14-43 zram_generator::config[1844]: zram0: system has too much memory (1955MB), limit is 800MB, ignoring.
Dec 16 10:48:48 ip-172-31-14-43 kernel: AVX2 version of gcm_enc/dec engaged.
Dec 16 10:48:48 ip-172-31-14-43 kernel: AES CTR mode by8 optimization enabled
Dec 16 10:48:48 ip-172-31-14-43 systemd[1]: /usr/lib/systemd/system/acpid.socket:6: ListenStream= references a path below legacy directory /var/run/, updating /var/run/acpid.socket  /run/acpid.socket; please update the unit file accordingly.
Dec 16 10:48:48 ip-172-31-14-43 kernel: scsi host0: ata_piix
Dec 16 10:48:48 ip-172-31-14-43 kernel: scsi host1: ata_piix
Dec 16 10:48:48 ip-172-31-14-43 kernel: ata1: PATA max MWDMA2 cmd 0x1f0 ctl 0x3f6 bmdma 0xc100 irq 14
Dec 16 10:48:48 ip-172-31-14-43 kernel: ata2: PATA max MWDMA2 cmd 0x170 ctl 0x376 bmdma 0xc108 irq 15
Dec 16 10:48:48 ip-172-31-14-43 audit: BPF prog-id=19 op=LOAD
Dec 16 10:48:48 ip-172-31-14-43 audit: BPF prog-id=13 op=UNLOAD
Dec 16 10:48:48 ip-172-31-14-43 audit: BPF prog-id=20 op=LOAD
Dec 16 10:48:48 ip-172-31-14-43 audit: BPF prog-id=21 op=LOAD
Dec 16 10:48:48 ip-172-31-14-43 audit: BPF prog-id=14 op=UNLOAD
Dec 16 10:48:48 ip-172-31-14-43 audit: BPF prog-id=15 op=UNLOAD
Dec 16 10:48:48 ip-172-31-14-43 audit: BPF prog-id=22 op=LOAD
Dec 16 10:48:48 ip-172-31-14-43 audit: BPF prog-id=18 op=UNLOAD
Dec 16 10:48:48 ip-172-31-14-43 audit: BPF prog-id=23 op=LOAD
Dec 16 10:48:48 ip-172-31-14-43 audit: BPF prog-id=24 op=LOAD
Dec 16 10:48:48 ip-172-31-14-43 audit: BPF prog-id=16 op=UNLOAD
Dec 16 10:48:48 ip-172-31-14-43 audit: BPF prog-id=17 op=UNLOAD
Dec 16 10:48:48 ip-172-31-14-43 systemd[1]: Created slice system-policy\x2droutes.slice - Slice /system/policy-routes.
Dec 16 10:48:48 ip-172-31-14-43 systemd[1]: Mounting boot-efi.mount - /boot/efi...
Dec 16 10:48:48 ip-172-31-14-43 systemd[1]: import-state.service - Import network configuration from initramfs was skipped because of an unmet condition check (ConditionDirectoryNotEmpty=/run/initramfs/state).
Dec 16 10:48:48 ip-172-31-14-43 systemd[1]: ldconfig.service - Rebuild Dynamic Linker Cache was skipped because no trigger condition checks were met.
Dec 16 10:48:48 ip-172-31-14-43 systemd[1]: Starting modprobe@dm_mod.service - Load Kernel Module dm_mod...
Dec 16 10:48:48 ip-172-31-14-43 systemd[1]: Starting modprobe@efi_pstore.service - Load Kernel Module efi_pstore...
Dec 16 10:48:48 ip-172-31-14-43 systemd[1]: Starting modprobe@loop.service - Load Kernel Module loop...
Dec 16 10:48:48 ip-172-31-14-43 systemd[1]: selinux-autorelabel-mark.service - Mark the need to relabel after reboot was skipped because of an unmet condition check (ConditionSecurity=!selinux).
Dec 16 10:48:48 ip-172-31-14-43 systemd[1]: systemd-binfmt.service - Set Up Additional Binary Formats was skipped because no trigger condition checks were met.
Dec 16 10:48:48 ip-172-31-14-43 systemd[1]: systemd-boot-system-token.service - Store a System Token in an EFI Variable was skipped because of an unmet condition check (ConditionPathExists=/sys/firmware/efi/efivars/LoaderFeatures-4a67b082-0a4c-41cf-b6c7-440b29bb8c4f).
Dec 16 10:48:48 ip-172-31-14-43 systemd[1]: systemd-firstboot.service - First Boot Wizard was skipped because of an unmet condition check (ConditionFirstBoot=yes).
Dec 16 10:48:48 ip-172-31-14-43 systemd[1]: first-boot-complete.target - First Boot Complete was skipped because of an unmet condition check (ConditionFirstBoot=yes).
Dec 16 10:48:48 ip-172-31-14-43 systemd[1]: systemd-hwdb-update.service - Rebuild Hardware Database was skipped because of an unmet condition check (ConditionNeedsUpdate=/etc).
Dec 16 10:48:48 ip-172-31-14-43 systemd[1]: systemd-journal-catalog-update.service - Rebuild Journal Catalog was skipped because of an unmet condition check (ConditionNeedsUpdate=/var).
Dec 16 10:48:48 ip-172-31-14-43 systemd[1]: systemd-machine-id-commit.service - Commit a transient machine-id on disk was skipped because of an unmet condition check (ConditionPathIsMountPoint=/etc/machine-id).
Dec 16 10:48:48 ip-172-31-14-43 systemd[1]: systemd-modules-load.service - Load Kernel Modules was skipped because no trigger condition checks were met.
Dec 16 10:48:48 ip-172-31-14-43 systemd[1]: systemd-sysusers.service - Create System Users was skipped because no trigger condition checks were met.
Dec 16 10:48:48 ip-172-31-14-43 systemd[1]: modprobe@dm_mod.service: Deactivated successfully.
Dec 16 10:48:48 ip-172-31-14-43 systemd[1]: Finished modprobe@dm_mod.service - Load Kernel Module dm_mod.
Dec 16 10:48:48 ip-172-31-14-43 audit[1]: SERVICE_START pid=1 uid=0 auid=4294967295 ses=4294967295 subj=system_u:system_r:init_t:s0 msg='unit=modprobe@dm_mod comm="systemd" exe="/usr/lib/systemd/systemd" hostname=? addr=? terminal=? res=success'
Dec 16 10:48:48 ip-172-31-14-43 audit[1]: SERVICE_STOP pid=1 uid=0 auid=4294967295 ses=4294967295 subj=system_u:system_r:init_t:s0 msg='unit=modprobe@dm_mod comm="systemd" exe="/usr/lib/systemd/systemd" hostname=? addr=? terminal=? res=success'
Dec 16 10:48:48 ip-172-31-14-43 systemd[1]: modprobe@efi_pstore.service: Deactivated successfully.
Dec 16 10:48:48 ip-172-31-14-43 systemd[1]: Finished modprobe@efi_pstore.service - Load Kernel Module efi_pstore.
Dec 16 10:48:48 ip-172-31-14-43 audit[1]: SERVICE_START pid=1 uid=0 auid=4294967295 ses=4294967295 subj=system_u:system_r:init_t:s0 msg='unit=modprobe@efi_pstore comm="systemd" exe="/usr/lib/systemd/systemd" hostname=? addr=? terminal=? res=success'
Dec 16 10:48:48 ip-172-31-14-43 audit[1]: SERVICE_STOP pid=1 uid=0 auid=4294967295 ses=4294967295 subj=system_u:system_r:init_t:s0 msg='unit=modprobe@efi_pstore comm="systemd" exe="/usr/lib/systemd/systemd" hostname=? addr=? terminal=? res=success'
Dec 16 10:48:48 ip-172-31-14-43 systemd[1]: modprobe@loop.service: Deactivated successfully.
Dec 16 10:48:48 ip-172-31-14-43 systemd[1]: Finished modprobe@loop.service - Load Kernel Module loop.
Dec 16 10:48:48 ip-172-31-14-43 audit[1]: SERVICE_START pid=1 uid=0 auid=4294967295 ses=4294967295 subj=system_u:system_r:init_t:s0 msg='unit=modprobe@loop comm="systemd" exe="/usr/lib/systemd/systemd" hostname=? addr=? terminal=? res=success'
Dec 16 10:48:48 ip-172-31-14-43 audit[1]: SERVICE_STOP pid=1 uid=0 auid=4294967295 ses=4294967295 subj=system_u:system_r:init_t:s0 msg='unit=modprobe@loop comm="systemd" exe="/usr/lib/systemd/systemd" hostname=? addr=? terminal=? res=success'
Dec 16 10:48:48 ip-172-31-14-43 systemd[1]: systemd-pstore.service - Platform Persistent Storage Archival was skipped because of an unmet condition check (ConditionDirectoryNotEmpty=/sys/fs/pstore).
Dec 16 10:48:48 ip-172-31-14-43 systemd[1]: systemd-repart.service - Repartition Root Disk was skipped because no trigger condition checks were met.
Dec 16 10:48:48 ip-172-31-14-43 systemd[1]: Mounted boot-efi.mount - /boot/efi.
Dec 16 10:48:48 ip-172-31-14-43 audit[1]: SERVICE_START pid=1 uid=0 auid=4294967295 ses=4294967295 subj=system_u:system_r:init_t:s0 msg='unit=systemd-boot-update comm="systemd" exe="/usr/lib/systemd/systemd" hostname=? addr=? terminal=? res=success'
Dec 16 10:48:48 ip-172-31-14-43 systemd[1]: Finished systemd-boot-update.service - Automatic Boot Loader Update.
Dec 16 10:48:48 ip-172-31-14-43 systemd[1]: systemd-update-done.service - Update is Completed was skipped because no trigger condition checks were met.
Dec 16 10:48:48 ip-172-31-14-43 systemd[1]: Reached target sysinit.target - System Initialization.
Dec 16 10:48:48 ip-172-31-14-43 systemd[1]: Started fstrim.timer - Discard unused blocks once a week.
Dec 16 10:48:48 ip-172-31-14-43 systemd[1]: Started logrotate.timer - Daily rotation of log files.
Dec 16 10:48:48 ip-172-31-14-43 systemd[1]: Started refresh-policy-routes@enX0.timer.
Dec 16 10:48:48 ip-172-31-14-43 systemd[1]: Started sysstat-collect.timer - Run system activity accounting tool every 10 minutes.
Dec 16 10:48:48 ip-172-31-14-43 systemd[1]: Started sysstat-summary.timer - Generate summary of yesterday's process accounting.
Dec 16 10:48:48 ip-172-31-14-43 systemd[1]: Started systemd-tmpfiles-clean.timer - Daily Cleanup of Temporary Directories.
Dec 16 10:48:48 ip-172-31-14-43 systemd[1]: Started update-motd.timer - Timer for Dynamically Generate Message Of The Day.
Dec 16 10:48:48 ip-172-31-14-43 systemd[1]: Reached target timers.target - Timer Units.
Dec 16 10:48:48 ip-172-31-14-43 systemd[1]: Listening on acpid.socket - ACPID Listen Socket.
Dec 16 10:48:48 ip-172-31-14-43 systemd[1]: Listening on dbus.socket - D-Bus System Message Bus Socket.
Dec 16 10:48:48 ip-172-31-14-43 systemd[1]: Listening on sssd-kcm.socket - SSSD Kerberos Cache Manager responder socket.
Dec 16 10:48:48 ip-172-31-14-43 systemd[1]: Reached target sockets.target - Socket Units.
Dec 16 10:48:48 ip-172-31-14-43 systemd[1]: rpmdb-rebuild.service - RPM database rebuild was skipped because of an unmet condition check (ConditionPathExists=/var/lib/rpm/.rebuilddb).
